Archive member included to satisfy reference by file (symbol)

c:/siliconlabs/simplicitystudio/v4/developer/toolchains/gnu_arm/7.2_2017q4/bin/../lib/gcc/arm-none-eabi/7.2.1/thumb/v7e-m/fpv4-sp/softfp\libgcc.a(_aeabi_ldivmod.o)
                              ./emlib/em_usart.o (__aeabi_ldivmod)
c:/siliconlabs/simplicitystudio/v4/developer/toolchains/gnu_arm/7.2_2017q4/bin/../lib/gcc/arm-none-eabi/7.2.1/thumb/v7e-m/fpv4-sp/softfp\libgcc.a(_aeabi_uldivmod.o)
                              ./emlib/em_usart.o (__aeabi_uldivmod)
c:/siliconlabs/simplicitystudio/v4/developer/toolchains/gnu_arm/7.2_2017q4/bin/../lib/gcc/arm-none-eabi/7.2.1/thumb/v7e-m/fpv4-sp/softfp\libgcc.a(_udivmoddi4.o)
                              c:/siliconlabs/simplicitystudio/v4/developer/toolchains/gnu_arm/7.2_2017q4/bin/../lib/gcc/arm-none-eabi/7.2.1/thumb/v7e-m/fpv4-sp/softfp\libgcc.a(_aeabi_ldivmod.o) (__udivmoddi4)
c:/siliconlabs/simplicitystudio/v4/developer/toolchains/gnu_arm/7.2_2017q4/bin/../lib/gcc/arm-none-eabi/7.2.1/thumb/v7e-m/fpv4-sp/softfp\libgcc.a(_dvmd_tls.o)
                              c:/siliconlabs/simplicitystudio/v4/developer/toolchains/gnu_arm/7.2_2017q4/bin/../lib/gcc/arm-none-eabi/7.2.1/thumb/v7e-m/fpv4-sp/softfp\libgcc.a(_aeabi_ldivmod.o) (__aeabi_ldiv0)
c:/siliconlabs/simplicitystudio/v4/developer/toolchains/gnu_arm/7.2_2017q4/bin/../lib/gcc/arm-none-eabi/7.2.1/../../../../arm-none-eabi/lib/thumb/v7e-m/fpv4-sp/softfp\libc_nano.a(lib_a-exit.o)
                              c:/siliconlabs/simplicitystudio/v4/developer/toolchains/gnu_arm/7.2_2017q4/bin/../lib/gcc/arm-none-eabi/7.2.1/../../../../arm-none-eabi/lib/thumb/v7e-m/fpv4-sp/softfp/crt0.o (exit)
c:/siliconlabs/simplicitystudio/v4/developer/toolchains/gnu_arm/7.2_2017q4/bin/../lib/gcc/arm-none-eabi/7.2.1/../../../../arm-none-eabi/lib/thumb/v7e-m/fpv4-sp/softfp\libc_nano.a(lib_a-impure.o)
                              c:/siliconlabs/simplicitystudio/v4/developer/toolchains/gnu_arm/7.2_2017q4/bin/../lib/gcc/arm-none-eabi/7.2.1/../../../../arm-none-eabi/lib/thumb/v7e-m/fpv4-sp/softfp\libc_nano.a(lib_a-exit.o) (_global_impure_ptr)
c:/siliconlabs/simplicitystudio/v4/developer/toolchains/gnu_arm/7.2_2017q4/bin/../lib/gcc/arm-none-eabi/7.2.1/../../../../arm-none-eabi/lib/thumb/v7e-m/fpv4-sp/softfp\libc_nano.a(lib_a-init.o)
                              c:/siliconlabs/simplicitystudio/v4/developer/toolchains/gnu_arm/7.2_2017q4/bin/../lib/gcc/arm-none-eabi/7.2.1/../../../../arm-none-eabi/lib/thumb/v7e-m/fpv4-sp/softfp/crt0.o (__libc_init_array)
c:/siliconlabs/simplicitystudio/v4/developer/toolchains/gnu_arm/7.2_2017q4/bin/../lib/gcc/arm-none-eabi/7.2.1/../../../../arm-none-eabi/lib/thumb/v7e-m/fpv4-sp/softfp\libc_nano.a(lib_a-memset.o)
                              c:/siliconlabs/simplicitystudio/v4/developer/toolchains/gnu_arm/7.2_2017q4/bin/../lib/gcc/arm-none-eabi/7.2.1/../../../../arm-none-eabi/lib/thumb/v7e-m/fpv4-sp/softfp/crt0.o (memset)
c:/siliconlabs/simplicitystudio/v4/developer/toolchains/gnu_arm/7.2_2017q4/bin/../lib/gcc/arm-none-eabi/7.2.1/../../../../arm-none-eabi/lib/thumb/v7e-m/fpv4-sp/softfp\libnosys.a(_exit.o)
                              c:/siliconlabs/simplicitystudio/v4/developer/toolchains/gnu_arm/7.2_2017q4/bin/../lib/gcc/arm-none-eabi/7.2.1/../../../../arm-none-eabi/lib/thumb/v7e-m/fpv4-sp/softfp\libc_nano.a(lib_a-exit.o) (_exit)

Discarded input sections

 .text          0x00000000        0x0 c:/siliconlabs/simplicitystudio/v4/developer/toolchains/gnu_arm/7.2_2017q4/bin/../lib/gcc/arm-none-eabi/7.2.1/thumb/v7e-m/fpv4-sp/softfp/crti.o
 .data          0x00000000        0x0 c:/siliconlabs/simplicitystudio/v4/developer/toolchains/gnu_arm/7.2_2017q4/bin/../lib/gcc/arm-none-eabi/7.2.1/thumb/v7e-m/fpv4-sp/softfp/crti.o
 .bss           0x00000000        0x0 c:/siliconlabs/simplicitystudio/v4/developer/toolchains/gnu_arm/7.2_2017q4/bin/../lib/gcc/arm-none-eabi/7.2.1/thumb/v7e-m/fpv4-sp/softfp/crti.o
 .data          0x00000000        0x4 c:/siliconlabs/simplicitystudio/v4/developer/toolchains/gnu_arm/7.2_2017q4/bin/../lib/gcc/arm-none-eabi/7.2.1/thumb/v7e-m/fpv4-sp/softfp/crtbegin.o
 .data          0x00000000        0x0 c:/siliconlabs/simplicitystudio/v4/developer/toolchains/gnu_arm/7.2_2017q4/bin/../lib/gcc/arm-none-eabi/7.2.1/../../../../arm-none-eabi/lib/thumb/v7e-m/fpv4-sp/softfp/crt0.o
 .bss           0x00000000        0x0 c:/siliconlabs/simplicitystudio/v4/developer/toolchains/gnu_arm/7.2_2017q4/bin/../lib/gcc/arm-none-eabi/7.2.1/../../../../arm-none-eabi/lib/thumb/v7e-m/fpv4-sp/softfp/crt0.o
 .ARM.extab     0x00000000        0x0 c:/siliconlabs/simplicitystudio/v4/developer/toolchains/gnu_arm/7.2_2017q4/bin/../lib/gcc/arm-none-eabi/7.2.1/../../../../arm-none-eabi/lib/thumb/v7e-m/fpv4-sp/softfp/crt0.o
 .group         0x00000000        0xc ./BSP/bsp_stk_leds.o
 .group         0x00000000        0xc ./BSP/bsp_stk_leds.o
 .group         0x00000000        0xc ./BSP/bsp_stk_leds.o
 .group         0x00000000        0xc ./BSP/bsp_stk_leds.o
[...]
Memory Configuration

Name             Origin             Length             Attributes
FLASH            0x00000000         0x00100000         xr
RAM              0x20000000         0x00040000         xrw
*default*        0x00000000         0xffffffff

Linker script and memory map

LOAD c:/siliconlabs/simplicitystudio/v4/developer/toolchains/gnu_arm/7.2_2017q4/bin/../lib/gcc/arm-none-eabi/7.2.1/thumb/v7e-m/fpv4-sp/softfp/crti.o
LOAD c:/siliconlabs/simplicitystudio/v4/developer/toolchains/gnu_arm/7.2_2017q4/bin/../lib/gcc/arm-none-eabi/7.2.1/thumb/v7e-m/fpv4-sp/softfp/crtbegin.o
LOAD c:/siliconlabs/simplicitystudio/v4/developer/toolchains/gnu_arm/7.2_2017q4/bin/../lib/gcc/arm-none-eabi/7.2.1/../../../../arm-none-eabi/lib/thumb/v7e-m/fpv4-sp/softfp/crt0.o
LOAD ./BSP/bsp_stk_leds.o
LOAD ./CMSIS/EFM32PG12B/startup_gcc_efm32pg12b.o
LOAD ./CMSIS/EFM32PG12B/system_efm32pg12b.o
LOAD ./emlib/em_acmp.o
LOAD ./emlib/em_adc.o
LOAD ./emlib/em_aes.o
LOAD ./emlib/em_assert.o
LOAD ./emlib/em_burtc.o
LOAD ./emlib/em_can.o
LOAD ./emlib/em_cmu.o
LOAD ./emlib/em_core.o
LOAD ./emlib/em_cryotimer.o
LOAD ./emlib/em_crypto.o
LOAD ./emlib/em_csen.o
LOAD ./emlib/em_dac.o
LOAD ./emlib/em_dbg.o
LOAD ./emlib/em_dma.o
LOAD ./emlib/em_ebi.o
LOAD ./emlib/em_emu.o
LOAD ./emlib/em_gpcrc.o
LOAD ./emlib/em_gpio.o
LOAD ./emlib/em_i2c.o
LOAD ./emlib/em_iadc.o
LOAD ./emlib/em_idac.o
LOAD ./emlib/em_int.o
LOAD ./emlib/em_lcd.o
LOAD ./emlib/em_ldma.o
LOAD ./emlib/em_lesense.o
LOAD ./emlib/em_letimer.o
LOAD ./emlib/em_leuart.o
LOAD ./emlib/em_mpu.o
LOAD ./emlib/em_msc.o
LOAD ./emlib/em_opamp.o
LOAD ./emlib/em_pcnt.o
LOAD ./emlib/em_pdm.o
LOAD ./emlib/em_prs.o
LOAD ./emlib/em_qspi.o
LOAD ./emlib/em_rmu.o
LOAD ./emlib/em_rtc.o
LOAD ./emlib/em_rtcc.o
LOAD ./emlib/em_se.o
LOAD ./emlib/em_system.o
LOAD ./emlib/em_timer.o
LOAD ./emlib/em_usart.o
LOAD ./emlib/em_vcmp.o
LOAD ./emlib/em_vdac.o
LOAD ./emlib/em_wdog.o
LOAD ./src/cmu.o
LOAD ./src/gpio.o
LOAD ./src/main.o
START GROUP
LOAD c:/siliconlabs/simplicitystudio/v4/developer/toolchains/gnu_arm/7.2_2017q4/bin/../lib/gcc/arm-none-eabi/7.2.1/thumb/v7e-m/fpv4-sp/softfp\libgcc.a
LOAD c:/siliconlabs/simplicitystudio/v4/developer/toolchains/gnu_arm/7.2_2017q4/bin/../lib/gcc/arm-none-eabi/7.2.1/../../../../arm-none-eabi/lib/thumb/v7e-m/fpv4-sp/softfp\libc_nano.a
LOAD c:/siliconlabs/simplicitystudio/v4/developer/toolchains/gnu_arm/7.2_2017q4/bin/../lib/gcc/arm-none-eabi/7.2.1/../../../../arm-none-eabi/lib/thumb/v7e-m/fpv4-sp/softfp\libnosys.a
END GROUP
START GROUP
LOAD c:/siliconlabs/simplicitystudio/v4/developer/toolchains/gnu_arm/7.2_2017q4/bin/../lib/gcc/arm-none-eabi/7.2.1/thumb/v7e-m/fpv4-sp/softfp\libgcc.a
LOAD c:/siliconlabs/simplicitystudio/v4/developer/toolchains/gnu_arm/7.2_2017q4/bin/../lib/gcc/arm-none-eabi/7.2.1/../../../../arm-none-eabi/lib/thumb/v7e-m/fpv4-sp/softfp\libg_nano.a
LOAD c:/siliconlabs/simplicitystudio/v4/developer/toolchains/gnu_arm/7.2_2017q4/bin/../lib/gcc/arm-none-eabi/7.2.1/../../../../arm-none-eabi/lib/thumb/v7e-m/fpv4-sp/softfp\libc_nano.a
END GROUP
START GROUP
LOAD c:/siliconlabs/simplicitystudio/v4/developer/toolchains/gnu_arm/7.2_2017q4/bin/../lib/gcc/arm-none-eabi/7.2.1/thumb/v7e-m/fpv4-sp/softfp\libgcc.a
LOAD c:/siliconlabs/simplicitystudio/v4/developer/toolchains/gnu_arm/7.2_2017q4/bin/../lib/gcc/arm-none-eabi/7.2.1/../../../../arm-none-eabi/lib/thumb/v7e-m/fpv4-sp/softfp\libc_nano.a
END GROUP
LOAD c:/siliconlabs/simplicitystudio/v4/developer/toolchains/gnu_arm/7.2_2017q4/bin/../lib/gcc/arm-none-eabi/7.2.1/thumb/v7e-m/fpv4-sp/softfp/crtend.o
LOAD c:/siliconlabs/simplicitystudio/v4/developer/toolchains/gnu_arm/7.2_2017q4/bin/../lib/gcc/arm-none-eabi/7.2.1/thumb/v7e-m/fpv4-sp/softfp/crtn.o

.text           0x00000000     0x14c8
 *(.vectors)
 .vectors       0x00000000      0x10c ./CMSIS/EFM32PG12B/startup_gcc_efm32pg12b.o
                0x00000000                __Vectors
                0x0000010c                __Vectors_End = .
                0x0000010c                __Vectors_Size = (__Vectors_End - __Vectors)
                0x0000010c                __end__ = .
 *(.text*)
 .text          0x0000010c       0x40 c:/siliconlabs/simplicitystudio/v4/developer/toolchains/gnu_arm/7.2_2017q4/bin/../lib/gcc/arm-none-eabi/7.2.1/thumb/v7e-m/fpv4-sp/softfp/crtbegin.o
 .text          0x0000014c       0x74 c:/siliconlabs/simplicitystudio/v4/developer/toolchains/gnu_arm/7.2_2017q4/bin/../lib/gcc/arm-none-eabi/7.2.1/../../../../arm-none-eabi/lib/thumb/v7e-m/fpv4-sp/softfp/crt0.o
                0x0000014c                _start
                0x0000014c                _mainCRTStartup
 .text          0x000001c0       0x30 ./CMSIS/EFM32PG12B/startup_gcc_efm32pg12b.o
                0x000001c0                Reset_Handler
                0x000001ec                USART0_TX_IRQHandler
                0x000001ec                I2C0_IRQHandler
                0x000001ec                HardFault_Handler
                0x000001ec                SysTick_Handler
                0x000001ec                USART1_RX_IRQHandler
                0x000001ec                PendSV_Handler
                0x000001ec                NMI_Handler
                0x000001ec                I2C1_IRQHandler
                0x000001ec                WTIMER0_IRQHandler
                0x000001ec                CRYPTO0_IRQHandler
                0x000001ec                WDOG0_IRQHandler
                0x000001ec                USART1_TX_IRQHandler
                0x000001ec                SMU_IRQHandler
                0x000001ec                MSC_IRQHandler
                0x000001ec                ADC0_IRQHandler
                0x000001ec                UsageFault_Handler
                0x000001ec                WDOG1_IRQHandler
                0x000001ec                LEUART0_IRQHandler
                0x000001ec                FPUEH_IRQHandler
                0x000001ec                WTIMER1_IRQHandler
                0x000001ec                GPIO_EVEN_IRQHandler
                0x000001ec                VDAC0_IRQHandler
                0x000001ec                LDMA_IRQHandler
                0x000001ec                CSEN_IRQHandler
                0x000001ec                CRYPTO1_IRQHandler
                0x000001ec                TIMER0_IRQHandler
                0x000001ec                DebugMon_Handler
                0x000001ec                PCNT2_IRQHandler
                0x000001ec                LETIMER0_IRQHandler
                0x000001ec                TIMER1_IRQHandler
                0x000001ec                TRNG0_IRQHandler
                0x000001ec                USART2_RX_IRQHandler
                0x000001ec                Default_Handler
                0x000001ec                EMU_IRQHandler
                0x000001ec                CRYOTIMER_IRQHandler
                0x000001ec                PCNT0_IRQHandler
                0x000001ec                PCNT1_IRQHandler
                0x000001ec                ACMP0_IRQHandler
                0x000001ec                USART0_RX_IRQHandler
                0x000001ec                MemManage_Handler
                0x000001ec                SVC_Handler
                0x000001ec                USART3_RX_IRQHandler
                0x000001ec                RTCC_IRQHandler
                0x000001ec                CMU_IRQHandler
                0x000001ec                LESENSE_IRQHandler
                0x000001ec                GPIO_ODD_IRQHandler
                0x000001ec                USART3_TX_IRQHandler
                0x000001ec                BusFault_Handler
                0x000001ec                USART2_TX_IRQHandler
                0x000001ec                IDAC0_IRQHandler
 .text.SystemMaxCoreClockGet
                0x000001f0        0x8 ./CMSIS/EFM32PG12B/system_efm32pg12b.o
                0x000001f0                SystemMaxCoreClockGet
 .text.SystemHFClockGet
                0x000001f8       0x50 ./CMSIS/EFM32PG12B/system_efm32pg12b.o
                0x000001f8                SystemHFClockGet
 .text.SystemCoreClockGet
                0x00000248       0x24 ./CMSIS/EFM32PG12B/system_efm32pg12b.o
                0x00000248                SystemCoreClockGet
 .text.SystemHFXOClockGet
                0x0000026c        0xc ./CMSIS/EFM32PG12B/system_efm32pg12b.o
                0x0000026c                SystemHFXOClockGet
 .text.SystemInit
                0x00000278       0x1c ./CMSIS/EFM32PG12B/system_efm32pg12b.o
                0x00000278                SystemInit
 .text.SystemLFRCOClockGet
                0x00000294        0x8 ./CMSIS/EFM32PG12B/system_efm32pg12b.o
                0x00000294                SystemLFRCOClockGet
 .text.SystemULFRCOClockGet
                0x0000029c        0x8 ./CMSIS/EFM32PG12B/system_efm32pg12b.o
                0x0000029c                SystemULFRCOClockGet
 .text.SystemLFXOClockGet
                0x000002a4        0xc ./CMSIS/EFM32PG12B/system_efm32pg12b.o
                0x000002a4                SystemLFXOClockGet
 .text.flashWaitStateControl
                0x000002b0       0x5c ./emlib/em_cmu.o
 .text.flashWaitStateMax
                0x0000030c       0x24 ./emlib/em_cmu.o
 .text.CMU_OscillatorTuningSet.part.2
                0x00000330       0x3c ./emlib/em_cmu.o
 .text.CMU_UpdateWaitStates
                0x0000036c       0x1c ./emlib/em_cmu.o
                0x0000036c                CMU_UpdateWaitStates
 .text.CMU_ClockEnable
                0x00000388       0x94 ./emlib/em_cmu.o
                0x00000388                CMU_ClockEnable
 .text.CMU_ClockSelectGet
                0x0000041c       0xc4 ./emlib/em_cmu.o
                0x0000041c                CMU_ClockSelectGet
 .text.lfClkGet
                0x000004e0       0x94 ./emlib/em_cmu.o
 .text.CMU_ClockFreqGet
                0x00000574      0x1b8 ./emlib/em_cmu.o
                0x00000574                CMU_ClockFreqGet
 .text.CMU_OscillatorTuningWait
                0x0000072c       0x48 ./emlib/em_cmu.o
                0x0000072c                CMU_OscillatorTuningWait
 .text.CMU_OscillatorEnable
                0x00000774      0x120 ./emlib/em_cmu.o
                0x00000774                CMU_OscillatorEnable
 .text.CMU_ClockSelectSet
                0x00000894      0x2a8 ./emlib/em_cmu.o
                0x00000894                CMU_ClockSelectSet
 .text.CMU_HFXOInit
                0x00000b3c       0x7c ./emlib/em_cmu.o
                0x00000b3c                CMU_HFXOInit
 .text.lpGetDevinfoVrefLowHigh
                0x00000bb8       0xdc ./emlib/em_emu.o
 .text.lpCmpHystCalibrationLoad.isra.2
                0x00000c94       0x60 ./emlib/em_emu.o
 .text.EMU_VScaleEM01
                0x00000cf4       0x78 ./emlib/em_emu.o
                0x00000cf4                EMU_VScaleEM01
 .text.EMU_VScaleEM01ByClock
                0x00000d6c       0x50 ./emlib/em_emu.o
                0x00000d6c                EMU_VScaleEM01ByClock
 .text.EMU_DCDCModeSet
                0x00000dbc       0x84 ./emlib/em_emu.o
                0x00000dbc                EMU_DCDCModeSet
 .text.EMU_DCDCOutputVoltageSet
                0x00000e40      0x16c ./emlib/em_emu.o
                0x00000e40                EMU_DCDCOutputVoltageSet
 .text.EMU_DCDCOptimizeSlice
                0x00000fac       0xf8 ./emlib/em_emu.o
                0x00000fac                EMU_DCDCOptimizeSlice
 .text.EMU_DCDCInit
                0x000010a4      0x120 ./emlib/em_emu.o
                0x000010a4                EMU_DCDCInit
 .text.GPIO_DriveStrengthSet
                0x000011c4       0x20 ./emlib/em_gpio.o
                0x000011c4                GPIO_DriveStrengthSet
 .text.GPIO_PinModeSet
                0x000011e4       0x94 ./emlib/em_gpio.o
                0x000011e4                GPIO_PinModeSet
 .text.cmu_init
                0x00001278       0x68 ./src/cmu.o
                0x00001278                cmu_init
 .text.gpio_init
                0x000012e0       0x30 ./src/gpio.o
                0x000012e0                gpio_init
 .text.startup.main
                0x00001310       0xb8 ./src/main.o
                0x00001310                main
 .text.exit     0x000013c8       0x28 c:/siliconlabs/simplicitystudio/v4/developer/toolchains/gnu_arm/7.2_2017q4/bin/../lib/gcc/arm-none-eabi/7.2.1/../../../../arm-none-eabi/lib/thumb/v7e-m/fpv4-sp/softfp\libc_nano.a(lib_a-exit.o)
                0x000013c8                exit
 .text.__libc_init_array
                0x000013f0       0x48 c:/siliconlabs/simplicitystudio/v4/developer/toolchains/gnu_arm/7.2_2017q4/bin/../lib/gcc/arm-none-eabi/7.2.1/../../../../arm-none-eabi/lib/thumb/v7e-m/fpv4-sp/softfp\libc_nano.a(lib_a-init.o)
                0x000013f0                __libc_init_array
 .text.memset   0x00001438       0x10 c:/siliconlabs/simplicitystudio/v4/developer/toolchains/gnu_arm/7.2_2017q4/bin/../lib/gcc/arm-none-eabi/7.2.1/../../../../arm-none-eabi/lib/thumb/v7e-m/fpv4-sp/softfp\libc_nano.a(lib_a-memset.o)
                0x00001438                memset
 .text._exit    0x00001448        0x4 c:/siliconlabs/simplicitystudio/v4/developer/toolchains/gnu_arm/7.2_2017q4/bin/../lib/gcc/arm-none-eabi/7.2.1/../../../../arm-none-eabi/lib/thumb/v7e-m/fpv4-sp/softfp\libnosys.a(_exit.o)
                0x00001448                _exit
 *(.init)
 .init          0x0000144c        0x4 c:/siliconlabs/simplicitystudio/v4/developer/toolchains/gnu_arm/7.2_2017q4/bin/../lib/gcc/arm-none-eabi/7.2.1/thumb/v7e-m/fpv4-sp/softfp/crti.o
                0x0000144c                _init
 .init          0x00001450        0x8 c:/siliconlabs/simplicitystudio/v4/developer/toolchains/gnu_arm/7.2_2017q4/bin/../lib/gcc/arm-none-eabi/7.2.1/thumb/v7e-m/fpv4-sp/softfp/crtn.o
 *(.fini)
 .fini          0x00001458        0x4 c:/siliconlabs/simplicitystudio/v4/developer/toolchains/gnu_arm/7.2_2017q4/bin/../lib/gcc/arm-none-eabi/7.2.1/thumb/v7e-m/fpv4-sp/softfp/crti.o
                0x00001458                _fini
 .fini          0x0000145c        0x8 c:/siliconlabs/simplicitystudio/v4/developer/toolchains/gnu_arm/7.2_2017q4/bin/../lib/gcc/arm-none-eabi/7.2.1/thumb/v7e-m/fpv4-sp/softfp/crtn.o
 *crtbegin.o(.ctors)
 *crtbegin?.o(.ctors)
 *(EXCLUDE_FILE(*crtend.o *crtend?.o) .ctors)
 *(SORT_BY_NAME(.ctors.*))
 *(.ctors)
 *crtbegin.o(.dtors)
 *crtbegin?.o(.dtors)
 *(EXCLUDE_FILE(*crtend.o *crtend?.o) .dtors)
 *(SORT_BY_NAME(.dtors.*))
 *(.dtors)
 *(.rodata*)
 .rodata.CSWTCH.43
                0x00001464        0x6 ./emlib/em_cmu.o
 *fill*         0x0000146a        0x2 
 .rodata.CSWTCH.44
                0x0000146c        0x4 ./emlib/em_cmu.o
 .rodata.CSWTCH.45
                0x00001470        0x4 ./emlib/em_cmu.o
 .rodata.flashWsTable
                0x00001474       0x28 ./emlib/em_cmu.o
 .rodata        0x0000149c       0x22 ./src/main.o
 *fill*         0x000014be        0x2 
 .rodata._global_impure_ptr
                0x000014c0        0x4 c:/siliconlabs/simplicitystudio/v4/developer/toolchains/gnu_arm/7.2_2017q4/bin/../lib/gcc/arm-none-eabi/7.2.1/../../../../arm-none-eabi/lib/thumb/v7e-m/fpv4-sp/softfp\libc_nano.a(lib_a-impure.o)
                0x000014c0                _global_impure_ptr
 *(.eh_frame*)
 .eh_frame      0x000014c4        0x0 c:/siliconlabs/simplicitystudio/v4/developer/toolchains/gnu_arm/7.2_2017q4/bin/../lib/gcc/arm-none-eabi/7.2.1/thumb/v7e-m/fpv4-sp/softfp/crtbegin.o
 .eh_frame      0x000014c4        0x4 c:/siliconlabs/simplicitystudio/v4/developer/toolchains/gnu_arm/7.2_2017q4/bin/../lib/gcc/arm-none-eabi/7.2.1/thumb/v7e-m/fpv4-sp/softfp/crtend.o

.glue_7         0x000014c8        0x0
 .glue_7        0x000014c8        0x0 linker stubs

.glue_7t        0x000014c8        0x0
 .glue_7t       0x000014c8        0x0 linker stubs

.vfp11_veneer   0x000014c8        0x0
 .vfp11_veneer  0x000014c8        0x0 linker stubs

.v4_bx          0x000014c8        0x0
 .v4_bx         0x000014c8        0x0 linker stubs

.iplt           0x000014c8        0x0
 .iplt          0x000014c8        0x0 c:/siliconlabs/simplicitystudio/v4/developer/toolchains/gnu_arm/7.2_2017q4/bin/../lib/gcc/arm-none-eabi/7.2.1/thumb/v7e-m/fpv4-sp/softfp/crtbegin.o

.ARM.extab
 *(.ARM.extab* .gnu.linkonce.armextab.*)
                0x000014c8                __exidx_start = .

.ARM.exidx      0x000014c8        0x8
 *(.ARM.exidx* .gnu.linkonce.armexidx.*)
 .ARM.exidx     0x000014c8        0x8 c:/siliconlabs/simplicitystudio/v4/developer/toolchains/gnu_arm/7.2_2017q4/bin/../lib/gcc/arm-none-eabi/7.2.1/../../../../arm-none-eabi/lib/thumb/v7e-m/fpv4-sp/softfp/crt0.o
                0x000014d0                __exidx_end = .
                0x000014d0                __etext = .

.rel.dyn        0x000014d0        0x0
 .rel.iplt      0x000014d0        0x0 c:/siliconlabs/simplicitystudio/v4/developer/toolchains/gnu_arm/7.2_2017q4/bin/../lib/gcc/arm-none-eabi/7.2.1/thumb/v7e-m/fpv4-sp/softfp/crtbegin.o

.data           0x20000000       0x7c load address 0x000014d0
                0x20000000                __data_start__ = .
 *(vtable)
 *(.data*)
 .data.SystemCoreClock
                0x20000000        0x4 ./CMSIS/EFM32PG12B/system_efm32pg12b.o
                0x20000000                SystemCoreClock
 .data.SystemHFXOClock
                0x20000004        0x4 ./CMSIS/EFM32PG12B/system_efm32pg12b.o
 .data.SystemHfrcoFreq
                0x20000008        0x4 ./CMSIS/EFM32PG12B/system_efm32pg12b.o
                0x20000008                SystemHfrcoFreq
 .data.SystemLFXOClock
                0x2000000c        0x4 ./CMSIS/EFM32PG12B/system_efm32pg12b.o
 .data.auxHfrcoFreq
                0x20000010        0x4 ./emlib/em_cmu.o
 .data.impure_data
                0x20000014       0x60 c:/siliconlabs/simplicitystudio/v4/developer/toolchains/gnu_arm/7.2_2017q4/bin/../lib/gcc/arm-none-eabi/7.2.1/../../../../arm-none-eabi/lib/thumb/v7e-m/fpv4-sp/softfp\libc_nano.a(lib_a-impure.o)
                0x20000074                . = ALIGN (0x4)
 *(.ram)
                0x20000074                . = ALIGN (0x4)
                0x20000074                PROVIDE (__preinit_array_start, .)
 *(.preinit_array)
                0x20000074                PROVIDE (__preinit_array_end, .)
                0x20000074                . = ALIGN (0x4)
                0x20000074                PROVIDE (__init_array_start, .)
 *(SORT_BY_NAME(.init_array.*))
 *(.init_array)
 .init_array    0x20000074        0x4 c:/siliconlabs/simplicitystudio/v4/developer/toolchains/gnu_arm/7.2_2017q4/bin/../lib/gcc/arm-none-eabi/7.2.1/thumb/v7e-m/fpv4-sp/softfp/crtbegin.o
                0x20000078                PROVIDE (__init_array_end, .)
                0x20000078                . = ALIGN (0x4)
                [!provide]                PROVIDE (__fini_array_start, .)
 *(SORT_BY_NAME(.fini_array.*))
 *(.fini_array)
 .fini_array    0x20000078        0x4 c:/siliconlabs/simplicitystudio/v4/developer/toolchains/gnu_arm/7.2_2017q4/bin/../lib/gcc/arm-none-eabi/7.2.1/thumb/v7e-m/fpv4-sp/softfp/crtbegin.o
                [!provide]                PROVIDE (__fini_array_end, .)
 *(.jcr*)
                0x2000007c                . = ALIGN (0x4)
                0x2000007c                __data_end__ = .

.igot.plt       0x2000007c        0x0 load address 0x0000154c
 .igot.plt      0x2000007c        0x0 c:/siliconlabs/simplicitystudio/v4/developer/toolchains/gnu_arm/7.2_2017q4/bin/../lib/gcc/arm-none-eabi/7.2.1/thumb/v7e-m/fpv4-sp/softfp/crtbegin.o

.bss            0x2000007c       0x28 load address 0x0000154c
                0x2000007c                . = ALIGN (0x4)
                0x2000007c                __bss_start__ = .
 *(.bss*)
 .bss           0x2000007c       0x1c c:/siliconlabs/simplicitystudio/v4/developer/toolchains/gnu_arm/7.2_2017q4/bin/../lib/gcc/arm-none-eabi/7.2.1/thumb/v7e-m/fpv4-sp/softfp/crtbegin.o
 .bss.dcdcEm01LoadCurrent_mA
                0x20000098        0x2 ./emlib/em_emu.o
 .bss.dcdcMaxCurrent_mA
                0x2000009a        0x2 ./emlib/em_emu.o
 .bss.dcdcReverseCurrentControl
                0x2000009c        0x2 ./emlib/em_emu.o
 *fill*         0x2000009e        0x2 
 .bss.vScaleEM01Config
                0x200000a0        0x1 ./emlib/em_emu.o
 *(COMMON)
                0x200000a4                . = ALIGN (0x4)
 *fill*         0x200000a1        0x3 
                0x200000a4                __bss_end__ = .

.heap           0x200000a8      0xc00
                0x200000a8                __HeapBase = .
                0x200000a8                __end__ = .
                0x200000a8                end = __end__
                0x200000a8                _end = __end__
 *(.heap*)
 .heap          0x200000a8      0xc00 ./CMSIS/EFM32PG12B/startup_gcc_efm32pg12b.o
                0x20000ca8                __HeapLimit = .

.stack_dummy    0x200000a8      0x400
 *(.stack*)
 .stack         0x200000a8      0x400 ./CMSIS/EFM32PG12B/startup_gcc_efm32pg12b.o
                0x20040000                __StackTop = (ORIGIN (RAM) + LENGTH (RAM))
                0x2003fc00                __StackLimit = (__StackTop - SIZEOF (.stack_dummy))
                0x20040000                PROVIDE (__stack, __StackTop)
                0x00000001                ASSERT ((__StackLimit >= __HeapLimit), region RAM overflowed with stack)
                0x00000001                ASSERT ((LENGTH (FLASH) >= (__etext + SIZEOF (.data))), FLASH memory overflowed !)
OUTPUT(Pearl_Blinky.axf elf32-littlearm)

.ARM.attributes
                0x00000000       0x2e
 .ARM.attributes
                0x00000000       0x22 c:/siliconlabs/simplicitystudio/v4/developer/toolchains/gnu_arm/7.2_2017q4/bin/../lib/gcc/arm-none-eabi/7.2.1/thumb/v7e-m/fpv4-sp/softfp/crti.o
 .ARM.attributes
                0x00000022       0x32 c:/siliconlabs/simplicitystudio/v4/developer/toolchains/gnu_arm/7.2_2017q4/bin/../lib/gcc/arm-none-eabi/7.2.1/thumb/v7e-m/fpv4-sp/softfp/crtbegin.o
 .ARM.attributes
                0x00000054       0x20 c:/siliconlabs/simplicitystudio/v4/developer/toolchains/gnu_arm/7.2_2017q4/bin/../lib/gcc/arm-none-eabi/7.2.1/../../../../arm-none-eabi/lib/thumb/v7e-m/fpv4-sp/softfp/crt0.o
 .ARM.attributes
                0x00000074       0x1f ./CMSIS/EFM32PG12B/startup_gcc_efm32pg12b.o
 .ARM.attributes
                0x00000093       0x37 ./CMSIS/EFM32PG12B/system_efm32pg12b.o
 .ARM.attributes
                0x000000ca       0x37 ./emlib/em_cmu.o
 .ARM.attributes
                0x00000101       0x37 ./emlib/em_emu.o
 .ARM.attributes
                0x00000138       0x37 ./emlib/em_gpio.o
 .ARM.attributes
                0x0000016f       0x37 ./src/cmu.o
 .ARM.attributes
                0x000001a6       0x37 ./src/gpio.o
 .ARM.attributes
                0x000001dd       0x37 ./src/main.o
 .ARM.attributes
                0x00000214       0x32 c:/siliconlabs/simplicitystudio/v4/developer/toolchains/gnu_arm/7.2_2017q4/bin/../lib/gcc/arm-none-eabi/7.2.1/../../../../arm-none-eabi/lib/thumb/v7e-m/fpv4-sp/softfp\libc_nano.a(lib_a-exit.o)
 .ARM.attributes
                0x00000246       0x32 c:/siliconlabs/simplicitystudio/v4/developer/toolchains/gnu_arm/7.2_2017q4/bin/../lib/gcc/arm-none-eabi/7.2.1/../../../../arm-none-eabi/lib/thumb/v7e-m/fpv4-sp/softfp\libc_nano.a(lib_a-impure.o)
 .ARM.attributes
                0x00000278       0x32 c:/siliconlabs/simplicitystudio/v4/developer/toolchains/gnu_arm/7.2_2017q4/bin/../lib/gcc/arm-none-eabi/7.2.1/../../../../arm-none-eabi/lib/thumb/v7e-m/fpv4-sp/softfp\libc_nano.a(lib_a-init.o)
 .ARM.attributes
                0x000002aa       0x32 c:/siliconlabs/simplicitystudio/v4/developer/toolchains/gnu_arm/7.2_2017q4/bin/../lib/gcc/arm-none-eabi/7.2.1/../../../../arm-none-eabi/lib/thumb/v7e-m/fpv4-sp/softfp\libc_nano.a(lib_a-memset.o)
 .ARM.attributes
                0x000002dc       0x32 c:/siliconlabs/simplicitystudio/v4/developer/toolchains/gnu_arm/7.2_2017q4/bin/../lib/gcc/arm-none-eabi/7.2.1/../../../../arm-none-eabi/lib/thumb/v7e-m/fpv4-sp/softfp\libnosys.a(_exit.o)
 .ARM.attributes
                0x0000030e       0x32 c:/siliconlabs/simplicitystudio/v4/developer/toolchains/gnu_arm/7.2_2017q4/bin/../lib/gcc/arm-none-eabi/7.2.1/thumb/v7e-m/fpv4-sp/softfp/crtend.o
 .ARM.attributes
                0x00000340       0x22 c:/siliconlabs/simplicitystudio/v4/developer/toolchains/gnu_arm/7.2_2017q4/bin/../lib/gcc/arm-none-eabi/7.2.1/thumb/v7e-m/fpv4-sp/softfp/crtn.o

.comment        0x00000000       0x7e
 .comment       0x00000000       0x7e ./CMSIS/EFM32PG12B/system_efm32pg12b.o
                                 0x7f (size before relaxing)
 .comment       0x0000007e       0x7f ./emlib/em_cmu.o
 .comment       0x0000007e       0x7f ./emlib/em_emu.o
 .comment       0x0000007e       0x7f ./emlib/em_gpio.o
 .comment       0x0000007e       0x7f ./src/cmu.o
 .comment       0x0000007e       0x7f ./src/gpio.o
 .comment       0x0000007e       0x7f ./src/main.o

.debug_line     0x00000000     0x5753
 .debug_line    0x00000000       0x78 ./CMSIS/EFM32PG12B/startup_gcc_efm32pg12b.o
 .debug_line    0x00000078      0x8bd ./CMSIS/EFM32PG12B/system_efm32pg12b.o
 .debug_line    0x00000935     0x16a4 ./emlib/em_cmu.o
 .debug_line    0x00001fd9     0x11f5 ./emlib/em_emu.o
 .debug_line    0x000031ce      0x9bd ./emlib/em_gpio.o
 .debug_line    0x00003b8b      0x88a ./src/cmu.o
 .debug_line    0x00004415      0x875 ./src/gpio.o
 .debug_line    0x00004c8a      0xac9 ./src/main.o

.debug_info     0x00000000     0xa36b
 .debug_info    0x00000000       0x26 ./CMSIS/EFM32PG12B/startup_gcc_efm32pg12b.o
 .debug_info    0x00000026      0x96c ./CMSIS/EFM32PG12B/system_efm32pg12b.o
 .debug_info    0x00000992     0x3c0a ./emlib/em_cmu.o
 .debug_info    0x0000459c     0x30a8 ./emlib/em_emu.o
 .debug_info    0x00007644      0xf1b ./emlib/em_gpio.o
 .debug_info    0x0000855f      0x454 ./src/cmu.o
 .debug_info    0x000089b3      0x250 ./src/gpio.o
 .debug_info    0x00008c03     0x1768 ./src/main.o

.debug_abbrev   0x00000000     0x132c
 .debug_abbrev  0x00000000       0x14 ./CMSIS/EFM32PG12B/startup_gcc_efm32pg12b.o
 .debug_abbrev  0x00000014      0x218 ./CMSIS/EFM32PG12B/system_efm32pg12b.o
 .debug_abbrev  0x0000022c      0x4d4 ./emlib/em_cmu.o
 .debug_abbrev  0x00000700      0x4e0 ./emlib/em_emu.o
 .debug_abbrev  0x00000be0      0x2fa ./emlib/em_gpio.o
 .debug_abbrev  0x00000eda       0xe8 ./src/cmu.o
 .debug_abbrev  0x00000fc2       0xdb ./src/gpio.o
 .debug_abbrev  0x0000109d      0x28f ./src/main.o

.debug_aranges  0x00000000      0x388
 .debug_aranges
                0x00000000       0x20 ./CMSIS/EFM32PG12B/startup_gcc_efm32pg12b.o
 .debug_aranges
                0x00000020       0x68 ./CMSIS/EFM32PG12B/system_efm32pg12b.o
 .debug_aranges
                0x00000088      0x130 ./emlib/em_cmu.o
 .debug_aranges
                0x000001b8      0x128 ./emlib/em_emu.o
 .debug_aranges
                0x000002e0       0x48 ./emlib/em_gpio.o
 .debug_aranges
                0x00000328       0x20 ./src/cmu.o
 .debug_aranges
                0x00000348       0x20 ./src/gpio.o
 .debug_aranges
                0x00000368       0x20 ./src/main.o

.debug_str      0x00000000   0x155a09
 .debug_str     0x00000000       0x8f ./CMSIS/EFM32PG12B/startup_gcc_efm32pg12b.o
 .debug_str     0x0000008f   0x14e3df ./CMSIS/EFM32PG12B/system_efm32pg12b.o
                             0x14f309 (size before relaxing)
 .debug_str     0x0014e46e     0x4e77 ./emlib/em_cmu.o
                             0x154176 (size before relaxing)
 .debug_str     0x001532e5     0x1143 ./emlib/em_emu.o
                             0x15433e (size before relaxing)
 .debug_str     0x00154428      0x49a ./emlib/em_gpio.o
                             0x14fd44 (size before relaxing)
 .debug_str     0x001548c2       0x20 ./src/cmu.o
                             0x150777 (size before relaxing)
 .debug_str     0x001548e2       0x7c ./src/gpio.o
                             0x14f907 (size before relaxing)
 .debug_str     0x0015495e     0x10ab ./src/main.o
                             0x1527b2 (size before relaxing)

.debug_loc      0x00000000     0x583b
 .debug_loc     0x00000000       0xe6 ./CMSIS/EFM32PG12B/system_efm32pg12b.o
 .debug_loc     0x000000e6     0x3024 ./emlib/em_cmu.o
 .debug_loc     0x0000310a     0x1c92 ./emlib/em_emu.o
 .debug_loc     0x00004d9c      0x890 ./emlib/em_gpio.o
 .debug_loc     0x0000562c       0x2c ./src/cmu.o
 .debug_loc     0x00005658       0x2c ./src/gpio.o
 .debug_loc     0x00005684      0x1b7 ./src/main.o

.debug_ranges   0x00000000      0xec8
 .debug_ranges  0x00000000       0x58 ./CMSIS/EFM32PG12B/system_efm32pg12b.o
 .debug_ranges  0x00000058      0x7c0 ./emlib/em_cmu.o
 .debug_ranges  0x00000818      0x480 ./emlib/em_emu.o
 .debug_ranges  0x00000c98      0x178 ./emlib/em_gpio.o
 .debug_ranges  0x00000e10       0x10 ./src/cmu.o
 .debug_ranges  0x00000e20       0x10 ./src/gpio.o
 .debug_ranges  0x00000e30       0x98 ./src/main.o

.debug_macro    0x00000000     0x2448
 .debug_macro   0x00000000      0x282 ./CMSIS/EFM32PG12B/system_efm32pg12b.o
 .debug_macro   0x00000282      0x3a5 ./emlib/em_cmu.o
 .debug_macro   0x00000627       0x58 ./emlib/em_cmu.o
 .debug_macro   0x0000067f      0x34d ./emlib/em_cmu.o
 .debug_macro   0x000009cc       0x25 ./emlib/em_cmu.o
 .debug_macro   0x000009f1       0xee ./emlib/em_cmu.o
 .debug_macro   0x00000adf       0x80 ./emlib/em_cmu.o
 .debug_macro   0x00000b5f      0x391 ./emlib/em_emu.o
 .debug_macro   0x00000ef0       0x52 ./emlib/em_emu.o
 .debug_macro   0x00000f42       0x55 ./emlib/em_emu.o
 .debug_macro   0x00000f97      0x353 ./emlib/em_emu.o
 .debug_macro   0x000012ea       0xd9 ./emlib/em_emu.o
 .debug_macro   0x000013c3       0x7a ./emlib/em_emu.o
 .debug_macro   0x0000143d      0x295 ./emlib/em_gpio.o
 .debug_macro   0x000016d2      0x29a ./src/cmu.o
 .debug_macro   0x0000196c      0x296 ./src/gpio.o
 .debug_macro   0x00001c02       0x28 ./src/gpio.o
 .debug_macro   0x00001c2a      0x320 ./src/main.o
 .debug_macro   0x00001f4a      0x344 ./src/main.o
 .debug_macro   0x0000228e      0x1ba ./src/main.o

.debug_frame    0x00000000      0x98c
 .debug_frame   0x00000000       0xc8 ./CMSIS/EFM32PG12B/system_efm32pg12b.o
 .debug_frame   0x000000c8      0x36c ./emlib/em_cmu.o
 .debug_frame   0x00000434      0x388 ./emlib/em_emu.o
 .debug_frame   0x000007bc       0xac ./emlib/em_gpio.o
 .debug_frame   0x00000868       0x34 ./src/cmu.o
 .debug_frame   0x0000089c       0x2c ./src/gpio.o
 .debug_frame   0x000008c8       0x30 ./src/main.o
 .debug_frame   0x000008f8       0x28 c:/siliconlabs/simplicitystudio/v4/developer/toolchains/gnu_arm/7.2_2017q4/bin/../lib/gcc/arm-none-eabi/7.2.1/../../../../arm-none-eabi/lib/thumb/v7e-m/fpv4-sp/softfp\libc_nano.a(lib_a-exit.o)
 .debug_frame   0x00000920       0x2c c:/siliconlabs/simplicitystudio/v4/developer/toolchains/gnu_arm/7.2_2017q4/bin/../lib/gcc/arm-none-eabi/7.2.1/../../../../arm-none-eabi/lib/thumb/v7e-m/fpv4-sp/softfp\libc_nano.a(lib_a-init.o)
 .debug_frame   0x0000094c       0x20 c:/siliconlabs/simplicitystudio/v4/developer/toolchains/gnu_arm/7.2_2017q4/bin/../lib/gcc/arm-none-eabi/7.2.1/../../../../arm-none-eabi/lib/thumb/v7e-m/fpv4-sp/softfp\libc_nano.a(lib_a-memset.o)
 .debug_frame   0x0000096c       0x20 c:/siliconlabs/simplicitystudio/v4/developer/toolchains/gnu_arm/7.2_2017q4/bin/../lib/gcc/arm-none-eabi/7.2.1/../../../../arm-none-eabi/lib/thumb/v7e-m/fpv4-sp/softfp\libnosys.a(_exit.o)
