Archive member included because of file (symbol)

c:/siliconlabs/simplicitystudio/v4/developer/toolchains/gnu_arm/4.9_2015q3/bin/../lib/gcc/arm-none-eabi/4.9.3/armv7e-m/softfp\libgcc.a(_aeabi_uldivmod.o)
                              ./emlib/em_usart.o (__aeabi_uldivmod)
c:/siliconlabs/simplicitystudio/v4/developer/toolchains/gnu_arm/4.9_2015q3/bin/../lib/gcc/arm-none-eabi/4.9.3/armv7e-m/softfp\libgcc.a(bpabi.o)
                              c:/siliconlabs/simplicitystudio/v4/developer/toolchains/gnu_arm/4.9_2015q3/bin/../lib/gcc/arm-none-eabi/4.9.3/armv7e-m/softfp\libgcc.a(_aeabi_uldivmod.o) (__gnu_uldivmod_helper)
c:/siliconlabs/simplicitystudio/v4/developer/toolchains/gnu_arm/4.9_2015q3/bin/../lib/gcc/arm-none-eabi/4.9.3/armv7e-m/softfp\libgcc.a(_dvmd_tls.o)
                              c:/siliconlabs/simplicitystudio/v4/developer/toolchains/gnu_arm/4.9_2015q3/bin/../lib/gcc/arm-none-eabi/4.9.3/armv7e-m/softfp\libgcc.a(_aeabi_uldivmod.o) (__aeabi_ldiv0)
c:/siliconlabs/simplicitystudio/v4/developer/toolchains/gnu_arm/4.9_2015q3/bin/../lib/gcc/arm-none-eabi/4.9.3/armv7e-m/softfp\libgcc.a(_divdi3.o)
                              c:/siliconlabs/simplicitystudio/v4/developer/toolchains/gnu_arm/4.9_2015q3/bin/../lib/gcc/arm-none-eabi/4.9.3/armv7e-m/softfp\libgcc.a(bpabi.o) (__divdi3)
c:/siliconlabs/simplicitystudio/v4/developer/toolchains/gnu_arm/4.9_2015q3/bin/../lib/gcc/arm-none-eabi/4.9.3/armv7e-m/softfp\libgcc.a(_udivdi3.o)
                              c:/siliconlabs/simplicitystudio/v4/developer/toolchains/gnu_arm/4.9_2015q3/bin/../lib/gcc/arm-none-eabi/4.9.3/armv7e-m/softfp\libgcc.a(bpabi.o) (__udivdi3)
c:/siliconlabs/simplicitystudio/v4/developer/toolchains/gnu_arm/4.9_2015q3/bin/../lib/gcc/arm-none-eabi/4.9.3/../../../../arm-none-eabi/lib/armv7e-m/softfp\libc_nano.a(lib_a-exit.o)
                              c:/siliconlabs/simplicitystudio/v4/developer/toolchains/gnu_arm/4.9_2015q3/bin/../lib/gcc/arm-none-eabi/4.9.3/../../../../arm-none-eabi/lib/armv7e-m/softfp/crt0.o (exit)
c:/siliconlabs/simplicitystudio/v4/developer/toolchains/gnu_arm/4.9_2015q3/bin/../lib/gcc/arm-none-eabi/4.9.3/../../../../arm-none-eabi/lib/armv7e-m/softfp\libc_nano.a(lib_a-impure.o)
                              c:/siliconlabs/simplicitystudio/v4/developer/toolchains/gnu_arm/4.9_2015q3/bin/../lib/gcc/arm-none-eabi/4.9.3/../../../../arm-none-eabi/lib/armv7e-m/softfp\libc_nano.a(lib_a-exit.o) (_global_impure_ptr)
c:/siliconlabs/simplicitystudio/v4/developer/toolchains/gnu_arm/4.9_2015q3/bin/../lib/gcc/arm-none-eabi/4.9.3/../../../../arm-none-eabi/lib/armv7e-m/softfp\libc_nano.a(lib_a-init.o)
                              c:/siliconlabs/simplicitystudio/v4/developer/toolchains/gnu_arm/4.9_2015q3/bin/../lib/gcc/arm-none-eabi/4.9.3/../../../../arm-none-eabi/lib/armv7e-m/softfp/crt0.o (__libc_init_array)
c:/siliconlabs/simplicitystudio/v4/developer/toolchains/gnu_arm/4.9_2015q3/bin/../lib/gcc/arm-none-eabi/4.9.3/../../../../arm-none-eabi/lib/armv7e-m/softfp\libc_nano.a(lib_a-memcpy.o)
                              ./emlib/em_crypto.o (memcpy)
c:/siliconlabs/simplicitystudio/v4/developer/toolchains/gnu_arm/4.9_2015q3/bin/../lib/gcc/arm-none-eabi/4.9.3/../../../../arm-none-eabi/lib/armv7e-m/softfp\libc_nano.a(lib_a-memset.o)
                              c:/siliconlabs/simplicitystudio/v4/developer/toolchains/gnu_arm/4.9_2015q3/bin/../lib/gcc/arm-none-eabi/4.9.3/../../../../arm-none-eabi/lib/armv7e-m/softfp/crt0.o (memset)
c:/siliconlabs/simplicitystudio/v4/developer/toolchains/gnu_arm/4.9_2015q3/bin/../lib/gcc/arm-none-eabi/4.9.3/../../../../arm-none-eabi/lib/armv7e-m/softfp\libnosys.a(_exit.o)
                              c:/siliconlabs/simplicitystudio/v4/developer/toolchains/gnu_arm/4.9_2015q3/bin/../lib/gcc/arm-none-eabi/4.9.3/../../../../arm-none-eabi/lib/armv7e-m/softfp\libc_nano.a(lib_a-exit.o) (_exit)

Allocating common symbols
Common symbol       size              file

adcreaddata         0x4               ./src/adc.o

Discarded input sections

 .text          0x00000000        0x0 c:/siliconlabs/simplicitystudio/v4/developer/toolchains/gnu_arm/4.9_2015q3/bin/../lib/gcc/arm-none-eabi/4.9.3/armv7e-m/softfp/crti.o
 .data          0x00000000        0x0 c:/siliconlabs/simplicitystudio/v4/developer/toolchains/gnu_arm/4.9_2015q3/bin/../lib/gcc/arm-none-eabi/4.9.3/armv7e-m/softfp/crti.o
 .bss           0x00000000        0x0 c:/siliconlabs/simplicitystudio/v4/developer/toolchains/gnu_arm/4.9_2015q3/bin/../lib/gcc/arm-none-eabi/4.9.3/armv7e-m/softfp/crti.o
 .data          0x00000000        0x4 c:/siliconlabs/simplicitystudio/v4/developer/toolchains/gnu_arm/4.9_2015q3/bin/../lib/gcc/arm-none-eabi/4.9.3/armv7e-m/softfp/crtbegin.o
 .data          0x00000000        0x0 c:/siliconlabs/simplicitystudio/v4/developer/toolchains/gnu_arm/4.9_2015q3/bin/../lib/gcc/arm-none-eabi/4.9.3/../../../../arm-none-eabi/lib/armv7e-m/softfp/crt0.o
[...]
Memory Configuration

Name             Origin             Length             Attributes
FLASH            0x00000000         0x00100000         xr
RAM              0x20000000         0x00040000         xrw
*default*        0x00000000         0xffffffff

Linker script and memory map

LOAD c:/siliconlabs/simplicitystudio/v4/developer/toolchains/gnu_arm/4.9_2015q3/bin/../lib/gcc/arm-none-eabi/4.9.3/armv7e-m/softfp/crti.o
LOAD c:/siliconlabs/simplicitystudio/v4/developer/toolchains/gnu_arm/4.9_2015q3/bin/../lib/gcc/arm-none-eabi/4.9.3/armv7e-m/softfp/crtbegin.o
LOAD c:/siliconlabs/simplicitystudio/v4/developer/toolchains/gnu_arm/4.9_2015q3/bin/../lib/gcc/arm-none-eabi/4.9.3/../../../../arm-none-eabi/lib/armv7e-m/softfp/crt0.o
LOAD ./BSP/bsp_stk_leds.o
LOAD ./CMSIS/EFM32PG12B/startup_gcc_efm32pg12b.o
LOAD ./CMSIS/EFM32PG12B/system_efm32pg12b.o
LOAD ./emlib/em_acmp.o
LOAD ./emlib/em_adc.o
LOAD ./emlib/em_aes.o
LOAD ./emlib/em_assert.o
LOAD ./emlib/em_burtc.o
LOAD ./emlib/em_can.o
LOAD ./emlib/em_cmu.o
LOAD ./emlib/em_core.o
LOAD ./emlib/em_cryotimer.o
LOAD ./emlib/em_crypto.o
LOAD ./emlib/em_csen.o
LOAD ./emlib/em_dac.o
LOAD ./emlib/em_dbg.o
LOAD ./emlib/em_dma.o
LOAD ./emlib/em_ebi.o
LOAD ./emlib/em_emu.o
LOAD ./emlib/em_gpcrc.o
LOAD ./emlib/em_gpio.o
LOAD ./emlib/em_i2c.o
LOAD ./emlib/em_iadc.o
LOAD ./emlib/em_idac.o
LOAD ./emlib/em_int.o
LOAD ./emlib/em_lcd.o
LOAD ./emlib/em_ldma.o
LOAD ./emlib/em_lesense.o
LOAD ./emlib/em_letimer.o
LOAD ./emlib/em_leuart.o
LOAD ./emlib/em_mpu.o
LOAD ./emlib/em_msc.o
LOAD ./emlib/em_opamp.o
LOAD ./emlib/em_pcnt.o
LOAD ./emlib/em_pdm.o
LOAD ./emlib/em_prs.o
LOAD ./emlib/em_qspi.o
LOAD ./emlib/em_rmu.o
LOAD ./emlib/em_rtc.o
LOAD ./emlib/em_rtcc.o
LOAD ./emlib/em_se.o
LOAD ./emlib/em_system.o
LOAD ./emlib/em_timer.o
LOAD ./emlib/em_usart.o
LOAD ./emlib/em_vcmp.o
LOAD ./emlib/em_vdac.o
LOAD ./emlib/em_wdog.o
LOAD ./src/adc.o
LOAD ./src/cmu.o
LOAD ./src/gpio.o
LOAD ./src/main.o
LOAD ./src/motor.o
LOAD ./src/sleep.o
LOAD ./src/timer.o
START GROUP
LOAD c:/siliconlabs/simplicitystudio/v4/developer/toolchains/gnu_arm/4.9_2015q3/bin/../lib/gcc/arm-none-eabi/4.9.3/armv7e-m/softfp\libgcc.a
LOAD c:/siliconlabs/simplicitystudio/v4/developer/toolchains/gnu_arm/4.9_2015q3/bin/../lib/gcc/arm-none-eabi/4.9.3/../../../../arm-none-eabi/lib/armv7e-m/softfp\libc_nano.a
LOAD c:/siliconlabs/simplicitystudio/v4/developer/toolchains/gnu_arm/4.9_2015q3/bin/../lib/gcc/arm-none-eabi/4.9.3/../../../../arm-none-eabi/lib/armv7e-m/softfp\libnosys.a
END GROUP
START GROUP
LOAD c:/siliconlabs/simplicitystudio/v4/developer/toolchains/gnu_arm/4.9_2015q3/bin/../lib/gcc/arm-none-eabi/4.9.3/armv7e-m/softfp\libgcc.a
LOAD c:/siliconlabs/simplicitystudio/v4/developer/toolchains/gnu_arm/4.9_2015q3/bin/../lib/gcc/arm-none-eabi/4.9.3/../../../../arm-none-eabi/lib/armv7e-m/softfp\libg_nano.a
LOAD c:/siliconlabs/simplicitystudio/v4/developer/toolchains/gnu_arm/4.9_2015q3/bin/../lib/gcc/arm-none-eabi/4.9.3/../../../../arm-none-eabi/lib/armv7e-m/softfp\libc_nano.a
END GROUP
START GROUP
LOAD c:/siliconlabs/simplicitystudio/v4/developer/toolchains/gnu_arm/4.9_2015q3/bin/../lib/gcc/arm-none-eabi/4.9.3/armv7e-m/softfp\libgcc.a
LOAD c:/siliconlabs/simplicitystudio/v4/developer/toolchains/gnu_arm/4.9_2015q3/bin/../lib/gcc/arm-none-eabi/4.9.3/../../../../arm-none-eabi/lib/armv7e-m/softfp\libc_nano.a
END GROUP
LOAD c:/siliconlabs/simplicitystudio/v4/developer/toolchains/gnu_arm/4.9_2015q3/bin/../lib/gcc/arm-none-eabi/4.9.3/armv7e-m/softfp/crtend.o
LOAD c:/siliconlabs/simplicitystudio/v4/developer/toolchains/gnu_arm/4.9_2015q3/bin/../lib/gcc/arm-none-eabi/4.9.3/armv7e-m/softfp/crtn.o

.text           0x00000000     0x2de8
 *(.vectors)
 .vectors       0x00000000      0x10c ./CMSIS/EFM32PG12B/startup_gcc_efm32pg12b.o
                0x00000000                __Vectors
                0x0000010c                __Vectors_End = .
                0x0000010c                __Vectors_Size = (__Vectors_End - __Vectors)
                0x0000010c                __end__ = .
 *(.text*)
 .text          0x0000010c       0x5c c:/siliconlabs/simplicitystudio/v4/developer/toolchains/gnu_arm/4.9_2015q3/bin/../lib/gcc/arm-none-eabi/4.9.3/armv7e-m/softfp/crtbegin.o
 .text          0x00000168       0x74 c:/siliconlabs/simplicitystudio/v4/developer/toolchains/gnu_arm/4.9_2015q3/bin/../lib/gcc/arm-none-eabi/4.9.3/../../../../arm-none-eabi/lib/armv7e-m/softfp/crt0.o
                0x00000168                _start
                0x00000168                _mainCRTStartup
 .text          0x000001dc       0x30 ./CMSIS/EFM32PG12B/startup_gcc_efm32pg12b.o
                0x000001dc                Reset_Handler
                0x00000208                USART0_TX_IRQHandler
                0x00000208                I2C0_IRQHandler
                0x00000208                HardFault_Handler
                0x00000208                SysTick_Handler
                0x00000208                USART1_RX_IRQHandler
                0x00000208                PendSV_Handler
                0x00000208                NMI_Handler
                0x00000208                I2C1_IRQHandler
                0x00000208                WTIMER0_IRQHandler
                0x00000208                CRYPTO0_IRQHandler
                0x00000208                WDOG0_IRQHandler
                0x00000208                USART1_TX_IRQHandler
                0x00000208                SMU_IRQHandler
                0x00000208                MSC_IRQHandler
                0x00000208                UsageFault_Handler
                0x00000208                WDOG1_IRQHandler
                0x00000208                LEUART0_IRQHandler
                0x00000208                FPUEH_IRQHandler
                0x00000208                WTIMER1_IRQHandler
                0x00000208                GPIO_EVEN_IRQHandler
                0x00000208                VDAC0_IRQHandler
                0x00000208                LDMA_IRQHandler
                0x00000208                CSEN_IRQHandler
                0x00000208                CRYPTO1_IRQHandler
                0x00000208                TIMER0_IRQHandler
                0x00000208                DebugMon_Handler
                0x00000208                PCNT2_IRQHandler
                0x00000208                LETIMER0_IRQHandler
                0x00000208                TIMER1_IRQHandler
                0x00000208                TRNG0_IRQHandler
                0x00000208                USART2_RX_IRQHandler
                0x00000208                Default_Handler
                0x00000208                EMU_IRQHandler
                0x00000208                CRYOTIMER_IRQHandler
                0x00000208                PCNT0_IRQHandler
                0x00000208                PCNT1_IRQHandler
                0x00000208                ACMP0_IRQHandler
                0x00000208                USART0_RX_IRQHandler
                0x00000208                MemManage_Handler
                0x00000208                SVC_Handler
                0x00000208                USART3_RX_IRQHandler
                0x00000208                RTCC_IRQHandler
                0x00000208                CMU_IRQHandler
                0x00000208                LESENSE_IRQHandler
                0x00000208                GPIO_ODD_IRQHandler
                0x00000208                USART3_TX_IRQHandler
                0x00000208                BusFault_Handler
                0x00000208                USART2_TX_IRQHandler
                0x00000208                IDAC0_IRQHandler
 .text.SystemCoreClockGet
                0x0000020c       0x44 ./CMSIS/EFM32PG12B/system_efm32pg12b.o
                0x0000020c                SystemCoreClockGet
 .text.SystemMaxCoreClockGet
                0x00000250       0x14 ./CMSIS/EFM32PG12B/system_efm32pg12b.o
                0x00000250                SystemMaxCoreClockGet
 .text.SystemHFClockGet
                0x00000264       0x70 ./CMSIS/EFM32PG12B/system_efm32pg12b.o
                0x00000264                SystemHFClockGet
 .text.SystemHFXOClockGet
                0x000002d4       0x18 ./CMSIS/EFM32PG12B/system_efm32pg12b.o
                0x000002d4                SystemHFXOClockGet
 .text.SystemInit
                0x000002ec       0x2c ./CMSIS/EFM32PG12B/system_efm32pg12b.o
                0x000002ec                SystemInit
 .text.SystemLFRCOClockGet
                0x00000318       0x14 ./CMSIS/EFM32PG12B/system_efm32pg12b.o
                0x00000318                SystemLFRCOClockGet
 .text.SystemULFRCOClockGet
                0x0000032c       0x14 ./CMSIS/EFM32PG12B/system_efm32pg12b.o
                0x0000032c                SystemULFRCOClockGet
 .text.SystemLFXOClockGet
                0x00000340       0x18 ./CMSIS/EFM32PG12B/system_efm32pg12b.o
                0x00000340                SystemLFXOClockGet
 .text.BUS_RegBitWrite
                0x00000358       0x2c ./emlib/em_adc.o
 .text.BUS_RegMaskedSet
                0x00000384       0x24 ./emlib/em_adc.o
 .text.BUS_RegMaskedClear
                0x000003a8       0x24 ./emlib/em_adc.o
 .text.BUS_RegMaskedWrite
                0x000003cc       0x24 ./emlib/em_adc.o
 .text.ADC_LoadDevinfoCal
                0x000003f0      0x1bc ./emlib/em_adc.o
 .text.ADC_Init
                0x000005ac       0xd4 ./emlib/em_adc.o
                0x000005ac                ADC_Init
 .text.ADC_InitSingle
                0x00000680      0x12c ./emlib/em_adc.o
                0x00000680                ADC_InitSingle
 .text.ADC_PrescaleCalc
                0x000007ac       0x70 ./emlib/em_adc.o
                0x000007ac                ADC_PrescaleCalc
 .text.BUS_RegBitWrite
                0x0000081c       0x2c ./emlib/em_cmu.o
 .text.BUS_RegBitRead
                0x00000848       0x2c ./emlib/em_cmu.o
 .text.CMU_Log2ToDiv
                0x00000874       0x1c ./emlib/em_cmu.o
 .text.EMU_VScaleWait
                0x00000890       0x1c ./emlib/em_cmu.o
 .text.EMU_VScaleGet
                0x000008ac       0x1c ./emlib/em_cmu.o
 .text.setHfLeConfig
                0x000008c8       0x64 ./emlib/em_cmu.o
 .text.auxClkGet
                0x0000092c       0x20 ./emlib/em_cmu.o
 .text.hfSrcClkGet
                0x0000094c       0x2c ./emlib/em_cmu.o
 .text.dbgClkGet
                0x00000978       0x40 ./emlib/em_cmu.o
 .text.adcAsyncClkGet
                0x000009b8       0x80 ./emlib/em_cmu.o
 .text.flashWaitStateControl
                0x00000a38       0x88 ./emlib/em_cmu.o
 .text.flashWaitStateMax
                0x00000ac0       0x40 ./emlib/em_cmu.o
 .text.CMU_UpdateWaitStates
                0x00000b00       0x40 ./emlib/em_cmu.o
                0x00000b00                CMU_UpdateWaitStates
 .text.getRegIshUpperVal
                0x00000b40       0x38 ./emlib/em_cmu.o
 .text.getHfxoTuningMode
                0x00000b78       0x1c ./emlib/em_cmu.o
 .text.setHfxoTuningMode
                0x00000b94       0x28 ./emlib/em_cmu.o
 .text.lfClkGet
                0x00000bbc       0xf4 ./emlib/em_cmu.o
 .text.syncReg  0x00000cb0       0x38 ./emlib/em_cmu.o
 .text.hfperClkSafePrescaler
                0x00000ce8        0xc ./emlib/em_cmu.o
 .text.hfperClkOptimizedPrescaler
                0x00000cf4        0xc ./emlib/em_cmu.o
 .text.CMU_ClockEnable
                0x00000d00       0xcc ./emlib/em_cmu.o
                0x00000d00                CMU_ClockEnable
 .text.CMU_ClockFreqGet
                0x00000dcc      0x210 ./emlib/em_cmu.o
                0x00000dcc                CMU_ClockFreqGet
 .text.CMU_ClockSelectGet
                0x00000fdc      0x1c0 ./emlib/em_cmu.o
                0x00000fdc                CMU_ClockSelectGet
 .text.CMU_ClockSelectSet
                0x0000119c      0x2f0 ./emlib/em_cmu.o
                0x0000119c                CMU_ClockSelectSet
 .text.CMU_HFRCOBandGet
                0x0000148c       0x18 ./emlib/em_cmu.o
                0x0000148c                CMU_HFRCOBandGet
 .text.CMU_HFXOInit
                0x000014a4       0xe4 ./emlib/em_cmu.o
                0x000014a4                CMU_HFXOInit
 .text.CMU_OscillatorEnable
                0x00001588      0x1a0 ./emlib/em_cmu.o
                0x00001588                CMU_OscillatorEnable
 .text.CMU_OscillatorTuningGet
                0x00001728       0x74 ./emlib/em_cmu.o
                0x00001728                CMU_OscillatorTuningGet
 .text.CMU_OscillatorTuningSet
                0x0000179c      0x100 ./emlib/em_cmu.o
                0x0000179c                CMU_OscillatorTuningSet
 .text.CMU_OscillatorTuningWait
                0x0000189c       0x94 ./emlib/em_cmu.o
                0x0000189c                CMU_OscillatorTuningWait
 .text.CMU_OscillatorTuningOptimize
                0x00001930       0x58 ./emlib/em_cmu.o
                0x00001930                CMU_OscillatorTuningOptimize
 .text.CORE_AtomicEnableIrq
                0x00001988       0x10 ./emlib/em_core.o
                0x00001988                CORE_AtomicEnableIrq
 .text.BUS_RegBitWrite
                0x00001998       0x2c ./emlib/em_emu.o
 .text.BUS_RegBitRead
                0x000019c4       0x2c ./emlib/em_emu.o
 .text.EMU_VScaleWait
                0x000019f0       0x1c ./emlib/em_emu.o
 .text.EMU_VScaleGet
                0x00001a0c       0x1c ./emlib/em_emu.o
 .text.EMU_IntClear
                0x00001a28       0x1c ./emlib/em_emu.o
 .text.EMU_IntGet
                0x00001a44       0x18 ./emlib/em_emu.o
 .text.vScaleEM01Cmd
                0x00001a5c       0x24 ./emlib/em_emu.o
 .text.EMU_VScaleEM01ByClock
                0x00001a80       0x70 ./emlib/em_emu.o
                0x00001a80                EMU_VScaleEM01ByClock
 .text.EMU_VScaleEM01
                0x00001af0       0x84 ./emlib/em_emu.o
                0x00001af0                EMU_VScaleEM01
 .text.dcdcConstCalibrationLoad
                0x00001b74       0x10 ./emlib/em_emu.o
 .text.dcdcValidatedConfigSet
                0x00001b84       0x40 ./emlib/em_emu.o
 .text.currentLimitersUpdate
                0x00001bc4       0xe4 ./emlib/em_emu.o
 .text.userCurrentLimitsSet
                0x00001ca8       0x2c ./emlib/em_emu.o
 .text.compCtrlSet
                0x00001cd4       0x3c ./emlib/em_emu.o
 .text.lpCmpHystCalibrationLoad
                0x00001d10       0xd4 ./emlib/em_emu.o
 .text.lpGetDevinfoVrefLowHigh
                0x00001de4      0x164 ./emlib/em_emu.o
 .text.EMU_DCDCModeSet
                0x00001f48       0xf0 ./emlib/em_emu.o
                0x00001f48                EMU_DCDCModeSet
 .text.EMU_DCDCInit
                0x00002038      0x138 ./emlib/em_emu.o
                0x00002038                EMU_DCDCInit
 .text.EMU_DCDCOutputVoltageSet
                0x00002170      0x2cc ./emlib/em_emu.o
                0x00002170                EMU_DCDCOutputVoltageSet
 .text.EMU_DCDCOptimizeSlice
                0x0000243c       0xd8 ./emlib/em_emu.o
                0x0000243c                EMU_DCDCOptimizeSlice
 .text.EMU_DCDCLnRcoBandSet
                0x00002514       0x54 ./emlib/em_emu.o
                0x00002514                EMU_DCDCLnRcoBandSet
 .text.BUS_RegMaskedSet
                0x00002568       0x24 ./emlib/em_gpio.o
 .text.BUS_RegMaskedClear
                0x0000258c       0x24 ./emlib/em_gpio.o
 .text.BUS_RegMaskedWrite
                0x000025b0       0x24 ./emlib/em_gpio.o
 .text.GPIO_PinOutClear
                0x000025d4       0x78 ./emlib/em_gpio.o
 .text.GPIO_PinOutSet
                0x0000264c       0x78 ./emlib/em_gpio.o
 .text.GPIO_DriveStrengthSet
                0x000026c4       0x80 ./emlib/em_gpio.o
                0x000026c4                GPIO_DriveStrengthSet
 .text.GPIO_PinModeSet
                0x00002744      0x12c ./emlib/em_gpio.o
                0x00002744                GPIO_PinModeSet
 .text.TIMER_Valid
                0x00002870       0x50 ./emlib/em_timer.o
 .text.TIMER_Init
                0x000028c0       0xe8 ./emlib/em_timer.o
                0x000028c0                TIMER_Init
 .text.__NVIC_EnableIRQ
                0x000029a8       0x38 ./src/adc.o
 .text.adc_gpio_init
                0x000029e0       0x14 ./src/adc.o
                0x000029e0                adc_gpio_init
 .text.adc_init
                0x000029f4       0x88 ./src/adc.o
                0x000029f4                adc_init
 .text.ADC0_IRQHandler
                0x00002a7c       0x1c ./src/adc.o
                0x00002a7c                ADC0_IRQHandler
 .text.cmu_init
                0x00002a98       0x90 ./src/cmu.o
                0x00002a98                cmu_init
 .text.SYSTEM_GetProdRev
                0x00002b28       0x1c ./src/main.o
 .text.CHIP_Init
                0x00002b44       0x70 ./src/main.o
 .text.main     0x00002bb4       0x84 ./src/main.o
                0x00002bb4                main
 .text.motor_gpio_init
                0x00002c38       0x40 ./src/motor.o
                0x00002c38                motor_gpio_init
 .text.timer0_init
                0x00002c78       0x7c ./src/timer.o
                0x00002c78                timer0_init
 .text.exit     0x00002cf4       0x28 c:/siliconlabs/simplicitystudio/v4/developer/toolchains/gnu_arm/4.9_2015q3/bin/../lib/gcc/arm-none-eabi/4.9.3/../../../../arm-none-eabi/lib/armv7e-m/softfp\libc_nano.a(lib_a-exit.o)
                0x00002cf4                exit
 .text.__libc_init_array
                0x00002d1c       0x4c c:/siliconlabs/simplicitystudio/v4/developer/toolchains/gnu_arm/4.9_2015q3/bin/../lib/gcc/arm-none-eabi/4.9.3/../../../../arm-none-eabi/lib/armv7e-m/softfp\libc_nano.a(lib_a-init.o)
                0x00002d1c                __libc_init_array
 .text.memset   0x00002d68       0x10 c:/siliconlabs/simplicitystudio/v4/developer/toolchains/gnu_arm/4.9_2015q3/bin/../lib/gcc/arm-none-eabi/4.9.3/../../../../arm-none-eabi/lib/armv7e-m/softfp\libc_nano.a(lib_a-memset.o)
                0x00002d68                memset
 .text._exit    0x00002d78        0x4 c:/siliconlabs/simplicitystudio/v4/developer/toolchains/gnu_arm/4.9_2015q3/bin/../lib/gcc/arm-none-eabi/4.9.3/../../../../arm-none-eabi/lib/armv7e-m/softfp\libnosys.a(_exit.o)
                0x00002d78                _exit
 *(.init)
 .init          0x00002d7c        0x4 c:/siliconlabs/simplicitystudio/v4/developer/toolchains/gnu_arm/4.9_2015q3/bin/../lib/gcc/arm-none-eabi/4.9.3/armv7e-m/softfp/crti.o
                0x00002d7c                _init
 .init          0x00002d80        0x8 c:/siliconlabs/simplicitystudio/v4/developer/toolchains/gnu_arm/4.9_2015q3/bin/../lib/gcc/arm-none-eabi/4.9.3/armv7e-m/softfp/crtn.o
 *(.fini)
 .fini          0x00002d88        0x4 c:/siliconlabs/simplicitystudio/v4/developer/toolchains/gnu_arm/4.9_2015q3/bin/../lib/gcc/arm-none-eabi/4.9.3/armv7e-m/softfp/crti.o
                0x00002d88                _fini
 .fini          0x00002d8c        0x8 c:/siliconlabs/simplicitystudio/v4/developer/toolchains/gnu_arm/4.9_2015q3/bin/../lib/gcc/arm-none-eabi/4.9.3/armv7e-m/softfp/crtn.o
 *crtbegin.o(.ctors)
 *crtbegin?.o(.ctors)
 *(EXCLUDE_FILE(*crtend.o *crtend?.o) .ctors)
 *(SORT(.ctors.*))
 *(.ctors)
 *crtbegin.o(.dtors)
 *crtbegin?.o(.dtors)
 *(EXCLUDE_FILE(*crtend.o *crtend?.o) .dtors)
 *(SORT(.dtors.*))
 *(.dtors)
 *(.rodata*)
 .rodata.flashWsTable
                0x00002d94       0x28 ./emlib/em_cmu.o
 .rodata        0x00002dbc       0x22 ./src/main.o
 .rodata.str1.1
                0x00002dde        0x2 c:/siliconlabs/simplicitystudio/v4/developer/toolchains/gnu_arm/4.9_2015q3/bin/../lib/gcc/arm-none-eabi/4.9.3/../../../../arm-none-eabi/lib/armv7e-m/softfp\libc_nano.a(lib_a-impure.o)
 .rodata._global_impure_ptr
                0x00002de0        0x4 c:/siliconlabs/simplicitystudio/v4/developer/toolchains/gnu_arm/4.9_2015q3/bin/../lib/gcc/arm-none-eabi/4.9.3/../../../../arm-none-eabi/lib/armv7e-m/softfp\libc_nano.a(lib_a-impure.o)
                0x00002de0                _global_impure_ptr
 *(.eh_frame*)
 .eh_frame      0x00002de4        0x0 c:/siliconlabs/simplicitystudio/v4/developer/toolchains/gnu_arm/4.9_2015q3/bin/../lib/gcc/arm-none-eabi/4.9.3/armv7e-m/softfp/crtbegin.o
 .eh_frame      0x00002de4        0x4 c:/siliconlabs/simplicitystudio/v4/developer/toolchains/gnu_arm/4.9_2015q3/bin/../lib/gcc/arm-none-eabi/4.9.3/armv7e-m/softfp/crtend.o

.glue_7         0x00002de8        0x0
 .glue_7        0x00000000        0x0 linker stubs

.glue_7t        0x00002de8        0x0
 .glue_7t       0x00000000        0x0 linker stubs

.vfp11_veneer   0x00002de8        0x0
 .vfp11_veneer  0x00000000        0x0 linker stubs

.v4_bx          0x00002de8        0x0
 .v4_bx         0x00000000        0x0 linker stubs

.iplt           0x00002de8        0x0
 .iplt          0x00000000        0x0 c:/siliconlabs/simplicitystudio/v4/developer/toolchains/gnu_arm/4.9_2015q3/bin/../lib/gcc/arm-none-eabi/4.9.3/armv7e-m/softfp/crtbegin.o

.ARM.extab
 *(.ARM.extab* .gnu.linkonce.armextab.*)
                0x00002de8                __exidx_start = .

.ARM.exidx      0x00002de8        0x8
 *(.ARM.exidx* .gnu.linkonce.armexidx.*)
 .ARM.exidx     0x00002de8        0x8 c:/siliconlabs/simplicitystudio/v4/developer/toolchains/gnu_arm/4.9_2015q3/bin/../lib/gcc/arm-none-eabi/4.9.3/../../../../arm-none-eabi/lib/armv7e-m/softfp/crt0.o
                0x00002df0                __exidx_end = .
                0x00002df0                __etext = .

.rel.dyn        0x00002df0        0x0
 .rel.iplt      0x00000000        0x0 c:/siliconlabs/simplicitystudio/v4/developer/toolchains/gnu_arm/4.9_2015q3/bin/../lib/gcc/arm-none-eabi/4.9.3/armv7e-m/softfp/crtbegin.o

.data           0x20000000       0x80 load address 0x00002df0
                0x20000000                __data_start__ = .
 *(vtable)
 *(.data*)
 .data.SystemHFXOClock
                0x20000000        0x4 ./CMSIS/EFM32PG12B/system_efm32pg12b.o
 .data.SystemLFXOClock
                0x20000004        0x4 ./CMSIS/EFM32PG12B/system_efm32pg12b.o
 .data.SystemCoreClock
                0x20000008        0x4 ./CMSIS/EFM32PG12B/system_efm32pg12b.o
                0x20000008                SystemCoreClock
 .data.SystemHfrcoFreq
                0x2000000c        0x4 ./CMSIS/EFM32PG12B/system_efm32pg12b.o
                0x2000000c                SystemHfrcoFreq
 .data.auxHfrcoFreq
                0x20000010        0x4 ./emlib/em_cmu.o
 .data.impure_data
                0x20000014       0x60 c:/siliconlabs/simplicitystudio/v4/developer/toolchains/gnu_arm/4.9_2015q3/bin/../lib/gcc/arm-none-eabi/4.9.3/../../../../arm-none-eabi/lib/armv7e-m/softfp\libc_nano.a(lib_a-impure.o)
                0x20000074                . = ALIGN (0x4)
 *(.ram)
                0x20000074                . = ALIGN (0x4)
                0x20000074                PROVIDE (__preinit_array_start, .)
 *(.preinit_array)
                0x20000074                PROVIDE (__preinit_array_end, .)
                0x20000074                . = ALIGN (0x4)
                0x20000074                PROVIDE (__init_array_start, .)
 *(SORT(.init_array.*))
 *(.init_array)
 .init_array    0x20000074        0x4 c:/siliconlabs/simplicitystudio/v4/developer/toolchains/gnu_arm/4.9_2015q3/bin/../lib/gcc/arm-none-eabi/4.9.3/armv7e-m/softfp/crtbegin.o
                0x20000078                PROVIDE (__init_array_end, .)
                0x20000078                . = ALIGN (0x4)
                0x20000078                PROVIDE (__fini_array_start, .)
 *(SORT(.fini_array.*))
 *(.fini_array)
 .fini_array    0x20000078        0x4 c:/siliconlabs/simplicitystudio/v4/developer/toolchains/gnu_arm/4.9_2015q3/bin/../lib/gcc/arm-none-eabi/4.9.3/armv7e-m/softfp/crtbegin.o
                0x2000007c                PROVIDE (__fini_array_end, .)
 *(.jcr*)
 .jcr           0x2000007c        0x0 c:/siliconlabs/simplicitystudio/v4/developer/toolchains/gnu_arm/4.9_2015q3/bin/../lib/gcc/arm-none-eabi/4.9.3/armv7e-m/softfp/crtbegin.o
 .jcr           0x2000007c        0x4 c:/siliconlabs/simplicitystudio/v4/developer/toolchains/gnu_arm/4.9_2015q3/bin/../lib/gcc/arm-none-eabi/4.9.3/armv7e-m/softfp/crtend.o
                0x20000080                . = ALIGN (0x4)
                0x20000080                __data_end__ = .

.igot.plt       0x20000080        0x0 load address 0x00002e70
 .igot.plt      0x00000000        0x0 c:/siliconlabs/simplicitystudio/v4/developer/toolchains/gnu_arm/4.9_2015q3/bin/../lib/gcc/arm-none-eabi/4.9.3/armv7e-m/softfp/crtbegin.o

.bss            0x20000080       0x2c load address 0x00002e70
                0x20000080                . = ALIGN (0x4)
                0x20000080                __bss_start__ = .
 *(.bss*)
 .bss           0x20000080       0x1c c:/siliconlabs/simplicitystudio/v4/developer/toolchains/gnu_arm/4.9_2015q3/bin/../lib/gcc/arm-none-eabi/4.9.3/armv7e-m/softfp/crtbegin.o
 .bss.dcdcMaxCurrent_mA
                0x2000009c        0x2 ./emlib/em_emu.o
 .bss.dcdcEm01LoadCurrent_mA
                0x2000009e        0x2 ./emlib/em_emu.o
 .bss.dcdcReverseCurrentControl
                0x200000a0        0x2 ./emlib/em_emu.o
 *fill*         0x200000a2        0x2 
 .bss.vScaleEM01Config
                0x200000a4        0x1 ./emlib/em_emu.o
 *(COMMON)
 *fill*         0x200000a5        0x3 
 COMMON         0x200000a8        0x4 ./src/adc.o
                0x200000a8                adcreaddata
                0x200000ac                . = ALIGN (0x4)
                0x200000ac                __bss_end__ = .

.heap           0x200000b0      0xc00
                0x200000b0                __HeapBase = .
                0x200000b0                __end__ = .
                0x200000b0                end = __end__
                0x200000b0                _end = __end__
 *(.heap*)
 .heap          0x200000b0      0xc00 ./CMSIS/EFM32PG12B/startup_gcc_efm32pg12b.o
                0x20000cb0                __HeapLimit = .

.stack_dummy    0x200000b0      0x400
 *(.stack*)
 .stack         0x200000b0      0x400 ./CMSIS/EFM32PG12B/startup_gcc_efm32pg12b.o
                0x20040000                __StackTop = (ORIGIN (RAM) + 0x40000)
                0x2003fc00                __StackLimit = (__StackTop - SIZEOF (.stack_dummy))
                0x20040000                PROVIDE (__stack, __StackTop)
                0x00000001                ASSERT ((__StackLimit >= __HeapLimit), region RAM overflowed with stack)
                0x00000001                ASSERT ((0x100000 >= (__etext + SIZEOF (.data))), FLASH memory overflowed !)
OUTPUT(motor test.axf elf32-littlearm)

.ARM.attributes
                0x00000000       0x2e
 .ARM.attributes
                0x00000000       0x22 c:/siliconlabs/simplicitystudio/v4/developer/toolchains/gnu_arm/4.9_2015q3/bin/../lib/gcc/arm-none-eabi/4.9.3/armv7e-m/softfp/crti.o
 .ARM.attributes
                0x00000022       0x32 c:/siliconlabs/simplicitystudio/v4/developer/toolchains/gnu_arm/4.9_2015q3/bin/../lib/gcc/arm-none-eabi/4.9.3/armv7e-m/softfp/crtbegin.o
 .ARM.attributes
                0x00000054       0x20 c:/siliconlabs/simplicitystudio/v4/developer/toolchains/gnu_arm/4.9_2015q3/bin/../lib/gcc/arm-none-eabi/4.9.3/../../../../arm-none-eabi/lib/armv7e-m/softfp/crt0.o
 .ARM.attributes
                0x00000074       0x1f ./CMSIS/EFM32PG12B/startup_gcc_efm32pg12b.o
 .ARM.attributes
                0x00000093       0x37 ./CMSIS/EFM32PG12B/system_efm32pg12b.o
 .ARM.attributes
                0x000000ca       0x37 ./emlib/em_adc.o
 .ARM.attributes
                0x00000101       0x37 ./emlib/em_cmu.o
 .ARM.attributes
                0x00000138       0x37 ./emlib/em_core.o
 .ARM.attributes
                0x0000016f       0x37 ./emlib/em_emu.o
 .ARM.attributes
                0x000001a6       0x37 ./emlib/em_gpio.o
 .ARM.attributes
                0x000001dd       0x37 ./emlib/em_timer.o
 .ARM.attributes
                0x00000214       0x37 ./src/adc.o
 .ARM.attributes
                0x0000024b       0x37 ./src/cmu.o
 .ARM.attributes
                0x00000282       0x37 ./src/main.o
 .ARM.attributes
                0x000002b9       0x37 ./src/motor.o
 .ARM.attributes
                0x000002f0       0x37 ./src/timer.o
 .ARM.attributes
                0x00000327       0x32 c:/siliconlabs/simplicitystudio/v4/developer/toolchains/gnu_arm/4.9_2015q3/bin/../lib/gcc/arm-none-eabi/4.9.3/../../../../arm-none-eabi/lib/armv7e-m/softfp\libc_nano.a(lib_a-exit.o)
 .ARM.attributes
                0x00000359       0x32 c:/siliconlabs/simplicitystudio/v4/developer/toolchains/gnu_arm/4.9_2015q3/bin/../lib/gcc/arm-none-eabi/4.9.3/../../../../arm-none-eabi/lib/armv7e-m/softfp\libc_nano.a(lib_a-impure.o)
 .ARM.attributes
                0x0000038b       0x32 c:/siliconlabs/simplicitystudio/v4/developer/toolchains/gnu_arm/4.9_2015q3/bin/../lib/gcc/arm-none-eabi/4.9.3/../../../../arm-none-eabi/lib/armv7e-m/softfp\libc_nano.a(lib_a-init.o)
 .ARM.attributes
                0x000003bd       0x32 c:/siliconlabs/simplicitystudio/v4/developer/toolchains/gnu_arm/4.9_2015q3/bin/../lib/gcc/arm-none-eabi/4.9.3/../../../../arm-none-eabi/lib/armv7e-m/softfp\libc_nano.a(lib_a-memset.o)
 .ARM.attributes
                0x000003ef       0x32 c:/siliconlabs/simplicitystudio/v4/developer/toolchains/gnu_arm/4.9_2015q3/bin/../lib/gcc/arm-none-eabi/4.9.3/../../../../arm-none-eabi/lib/armv7e-m/softfp\libnosys.a(_exit.o)
 .ARM.attributes
                0x00000421       0x32 c:/siliconlabs/simplicitystudio/v4/developer/toolchains/gnu_arm/4.9_2015q3/bin/../lib/gcc/arm-none-eabi/4.9.3/armv7e-m/softfp/crtend.o
 .ARM.attributes
                0x00000453       0x22 c:/siliconlabs/simplicitystudio/v4/developer/toolchains/gnu_arm/4.9_2015q3/bin/../lib/gcc/arm-none-eabi/4.9.3/armv7e-m/softfp/crtn.o

.comment        0x00000000       0x70
 .comment       0x00000000       0x70 ./CMSIS/EFM32PG12B/system_efm32pg12b.o
                                 0x71 (size before relaxing)
 .comment       0x00000000       0x71 ./emlib/em_adc.o
 .comment       0x00000000       0x71 ./emlib/em_cmu.o
 .comment       0x00000000       0x71 ./emlib/em_core.o
 .comment       0x00000000       0x71 ./emlib/em_emu.o
 .comment       0x00000000       0x71 ./emlib/em_gpio.o
 .comment       0x00000000       0x71 ./emlib/em_timer.o
 .comment       0x00000000       0x71 ./src/adc.o
 .comment       0x00000000       0x71 ./src/cmu.o
 .comment       0x00000000       0x71 ./src/main.o
 .comment       0x00000000       0x71 ./src/motor.o
 .comment       0x00000000       0x71 ./src/timer.o

.debug_line     0x00000000     0x89c2
 .debug_line    0x00000000       0x78 ./CMSIS/EFM32PG12B/startup_gcc_efm32pg12b.o
 .debug_line    0x00000078      0x88a ./CMSIS/EFM32PG12B/system_efm32pg12b.o
 .debug_line    0x00000902      0xac1 ./emlib/em_adc.o
 .debug_line    0x000013c3     0x1280 ./emlib/em_cmu.o
 .debug_line    0x00002643      0xba5 ./emlib/em_core.o
 .debug_line    0x000031e8     0x12e0 ./emlib/em_emu.o
 .debug_line    0x000044c8      0xafa ./emlib/em_gpio.o
 .debug_line    0x00004fc2      0xb13 ./emlib/em_timer.o
 .debug_line    0x00005ad5      0x8f1 ./src/adc.o
 .debug_line    0x000063c6      0x872 ./src/cmu.o
 .debug_line    0x00006c38      0xaf9 ./src/main.o
 .debug_line    0x00007731      0x9e5 ./src/motor.o
 .debug_line    0x00008116      0x8ac ./src/timer.o

.debug_info     0x00000000     0xc347
 .debug_info    0x00000000       0x9c ./CMSIS/EFM32PG12B/startup_gcc_efm32pg12b.o
 .debug_info    0x0000009c      0x8bc ./CMSIS/EFM32PG12B/system_efm32pg12b.o
 .debug_info    0x00000958     0x1cb8 ./emlib/em_adc.o
 .debug_info    0x00002610     0x23a5 ./emlib/em_cmu.o
 .debug_info    0x000049b5      0xd36 ./emlib/em_core.o
 .debug_info    0x000056eb     0x2362 ./emlib/em_emu.o
 .debug_info    0x00007a4d      0xa5a ./emlib/em_gpio.o
 .debug_info    0x000084a7      0x96b ./emlib/em_timer.o
 .debug_info    0x00008e12     0x1304 ./src/adc.o
 .debug_info    0x0000a116      0x2d3 ./src/cmu.o
 .debug_info    0x0000a3e9     0x1375 ./src/main.o
 .debug_info    0x0000b75e      0x755 ./src/motor.o
 .debug_info    0x0000beb3      0x494 ./src/timer.o

.debug_abbrev   0x00000000     0x1632
 .debug_abbrev  0x00000000       0x14 ./CMSIS/EFM32PG12B/startup_gcc_efm32pg12b.o
 .debug_abbrev  0x00000014      0x1bd ./CMSIS/EFM32PG12B/system_efm32pg12b.o
 .debug_abbrev  0x000001d1      0x22f ./emlib/em_adc.o
 .debug_abbrev  0x00000400      0x313 ./emlib/em_cmu.o
 .debug_abbrev  0x00000713      0x24b ./emlib/em_core.o
 .debug_abbrev  0x0000095e      0x314 ./emlib/em_emu.o
 .debug_abbrev  0x00000c72      0x1ec ./emlib/em_gpio.o
 .debug_abbrev  0x00000e5e      0x1bc ./emlib/em_timer.o
 .debug_abbrev  0x0000101a      0x1a9 ./src/adc.o
 .debug_abbrev  0x000011c3       0x82 ./src/cmu.o
 .debug_abbrev  0x00001245      0x14c ./src/main.o
 .debug_abbrev  0x00001391      0x192 ./src/motor.o
 .debug_abbrev  0x00001523      0x10f ./src/timer.o

.debug_aranges  0x00000000      0x750
 .debug_aranges
                0x00000000       0x20 ./CMSIS/EFM32PG12B/startup_gcc_efm32pg12b.o
 .debug_aranges
                0x00000020       0x68 ./CMSIS/EFM32PG12B/system_efm32pg12b.o
 .debug_aranges
                0x00000088       0x90 ./emlib/em_adc.o
 .debug_aranges
                0x00000118      0x1b8 ./emlib/em_cmu.o
 .debug_aranges
                0x000002d0       0xe8 ./emlib/em_core.o
 .debug_aranges
                0x000003b8      0x1a8 ./emlib/em_emu.o
 .debug_aranges
                0x00000560       0x88 ./emlib/em_gpio.o
 .debug_aranges
                0x000005e8       0x58 ./emlib/em_timer.o
 .debug_aranges
                0x00000640       0x38 ./src/adc.o
 .debug_aranges
                0x00000678       0x20 ./src/cmu.o
 .debug_aranges
                0x00000698       0x30 ./src/main.o
 .debug_aranges
                0x000006c8       0x68 ./src/motor.o
 .debug_aranges
                0x00000730       0x20 ./src/timer.o

.debug_loc      0x00000000     0x3bee
 .debug_loc     0x00000000      0x2e4 ./CMSIS/EFM32PG12B/system_efm32pg12b.o
 .debug_loc     0x000002e4      0x504 ./emlib/em_adc.o
 .debug_loc     0x000007e8     0x104c ./emlib/em_cmu.o
 .debug_loc     0x00001834      0x88c ./emlib/em_core.o
 .debug_loc     0x000020c0      0xf06 ./emlib/em_emu.o
 .debug_loc     0x00002fc6      0x4b4 ./emlib/em_gpio.o
 .debug_loc     0x0000347a      0x2b0 ./emlib/em_timer.o
 .debug_loc     0x0000372a      0x11c ./src/adc.o
 .debug_loc     0x00003846       0x2c ./src/cmu.o
 .debug_loc     0x00003872       0xcc ./src/main.o
 .debug_loc     0x0000393e      0x260 ./src/motor.o
 .debug_loc     0x00003b9e       0x50 ./src/timer.o

.debug_ranges   0x00000000      0x670
 .debug_ranges  0x00000000       0x58 ./CMSIS/EFM32PG12B/system_efm32pg12b.o
 .debug_ranges  0x00000058       0x80 ./emlib/em_adc.o
 .debug_ranges  0x000000d8      0x1a8 ./emlib/em_cmu.o
 .debug_ranges  0x00000280       0xd8 ./emlib/em_core.o
 .debug_ranges  0x00000358      0x198 ./emlib/em_emu.o
 .debug_ranges  0x000004f0       0x78 ./emlib/em_gpio.o
 .debug_ranges  0x00000568       0x48 ./emlib/em_timer.o
 .debug_ranges  0x000005b0       0x28 ./src/adc.o
 .debug_ranges  0x000005d8       0x10 ./src/cmu.o
 .debug_ranges  0x000005e8       0x20 ./src/main.o
 .debug_ranges  0x00000608       0x58 ./src/motor.o
 .debug_ranges  0x00000660       0x10 ./src/timer.o

.debug_macro    0x00000000     0x2e28
 .debug_macro   0x00000000      0x273 ./CMSIS/EFM32PG12B/system_efm32pg12b.o
 .debug_macro   0x00000273      0x327 ./emlib/em_adc.o
 .debug_macro   0x0000059a       0x51 ./emlib/em_adc.o
 .debug_macro   0x000005eb      0x166 ./emlib/em_adc.o
 .debug_macro   0x00000751      0x383 ./emlib/em_cmu.o
 .debug_macro   0x00000ad4       0x58 ./emlib/em_cmu.o
 .debug_macro   0x00000b2c       0x25 ./emlib/em_cmu.o
 .debug_macro   0x00000b51       0xee ./emlib/em_cmu.o
 .debug_macro   0x00000c3f       0x80 ./emlib/em_cmu.o
 .debug_macro   0x00000cbf      0x29b ./emlib/em_core.o
 .debug_macro   0x00000f5a       0x63 ./emlib/em_core.o
 .debug_macro   0x00000fbd       0xba ./emlib/em_core.o
 .debug_macro   0x00001077      0x36a ./emlib/em_emu.o
 .debug_macro   0x000013e1       0x7a ./emlib/em_emu.o
 .debug_macro   0x0000145b      0x286 ./emlib/em_gpio.o
 .debug_macro   0x000016e1      0x274 ./emlib/em_timer.o
 .debug_macro   0x00001955       0x79 ./emlib/em_timer.o
 .debug_macro   0x000019ce      0x2cb ./src/adc.o
 .debug_macro   0x00001c99      0x344 ./src/adc.o
 .debug_macro   0x00001fdd       0x57 ./src/adc.o
 .debug_macro   0x00002034       0x10 ./src/adc.o
 .debug_macro   0x00002044      0x28b ./src/cmu.o
 .debug_macro   0x000022cf      0x358 ./src/main.o
 .debug_macro   0x00002627      0x1ba ./src/main.o
 .debug_macro   0x000027e1       0x7f ./src/main.o
 .debug_macro   0x00002860       0x3a ./src/main.o
 .debug_macro   0x0000289a      0x2c2 ./src/motor.o
 .debug_macro   0x00002b5c      0x2cc ./src/timer.o

.debug_str      0x00000000   0x157f6d
 .debug_str     0x00000000   0x14da48 ./CMSIS/EFM32PG12B/system_efm32pg12b.o
                             0x14e91a (size before relaxing)
 .debug_str     0x0014da48     0x4997 ./emlib/em_adc.o
                             0x152f6e (size before relaxing)
 .debug_str     0x001523df     0x1cbd ./emlib/em_cmu.o
                             0x152241 (size before relaxing)
 .debug_str     0x0015409c      0xc23 ./emlib/em_core.o
                             0x14f3c0 (size before relaxing)
 .debug_str     0x00154cbf     0x1139 ./emlib/em_emu.o
                             0x152166 (size before relaxing)
 .debug_str     0x00155df8      0x459 ./emlib/em_gpio.o
                             0x14f335 (size before relaxing)
 .debug_str     0x00156251      0xa85 ./emlib/em_timer.o
                             0x14ef6a (size before relaxing)
 .debug_str     0x00156cd6       0xa4 ./src/adc.o
                             0x152bb5 (size before relaxing)
 .debug_str     0x00156d7a       0x16 ./src/cmu.o
                             0x14fd12 (size before relaxing)
 .debug_str     0x00156d90     0x1155 ./src/main.o
                             0x152d21 (size before relaxing)
 .debug_str     0x00157ee5       0x5e ./src/motor.o
                             0x14fd0f (size before relaxing)
 .debug_str     0x00157f43       0x2a ./src/timer.o
                             0x14fbb5 (size before relaxing)

.debug_frame    0x00000000     0x1cd8
 .debug_frame   0x00000000      0x164 ./CMSIS/EFM32PG12B/system_efm32pg12b.o
 .debug_frame   0x00000164      0x248 ./emlib/em_adc.o
 .debug_frame   0x000003ac      0x780 ./emlib/em_cmu.o
 .debug_frame   0x00000b2c      0x3dc ./emlib/em_core.o
 .debug_frame   0x00000f08      0x714 ./emlib/em_emu.o
 .debug_frame   0x0000161c      0x228 ./emlib/em_gpio.o
 .debug_frame   0x00001844      0x140 ./emlib/em_timer.o
 .debug_frame   0x00001984       0x98 ./src/adc.o
 .debug_frame   0x00001a1c       0x2c ./src/cmu.o
 .debug_frame   0x00001a48       0x78 ./src/main.o
 .debug_frame   0x00001ac0      0x150 ./src/motor.o
 .debug_frame   0x00001c10       0x34 ./src/timer.o
 .debug_frame   0x00001c44       0x28 c:/siliconlabs/simplicitystudio/v4/developer/toolchains/gnu_arm/4.9_2015q3/bin/../lib/gcc/arm-none-eabi/4.9.3/../../../../arm-none-eabi/lib/armv7e-m/softfp\libc_nano.a(lib_a-exit.o)
 .debug_frame   0x00001c6c       0x2c c:/siliconlabs/simplicitystudio/v4/developer/toolchains/gnu_arm/4.9_2015q3/bin/../lib/gcc/arm-none-eabi/4.9.3/../../../../arm-none-eabi/lib/armv7e-m/softfp\libc_nano.a(lib_a-init.o)
 .debug_frame   0x00001c98       0x20 c:/siliconlabs/simplicitystudio/v4/developer/toolchains/gnu_arm/4.9_2015q3/bin/../lib/gcc/arm-none-eabi/4.9.3/../../../../arm-none-eabi/lib/armv7e-m/softfp\libc_nano.a(lib_a-memset.o)
 .debug_frame   0x00001cb8       0x20 c:/siliconlabs/simplicitystudio/v4/developer/toolchains/gnu_arm/4.9_2015q3/bin/../lib/gcc/arm-none-eabi/4.9.3/../../../../arm-none-eabi/lib/armv7e-m/softfp\libnosys.a(_exit.o)
