21:27:08 **** Incremental Build of configuration GNU ARM v4.8.3 - Debug for project motor test ****
make -j4 all 
Building file: ../src/adc.c
Building file: ../src/cmu.c
Building file: ../src/main.c
Invoking: GNU ARM C Compiler
Invoking: GNU ARM C Compiler
arm-none-eabi-gcc -g3 -gdwarf-2 -mcpu=cortex-m4 -mthumb -std=c99 '-DHAL_CONFIG=1' '-DEFM32PG12B500F1024GL125=1' -I"C:/Users/Ciara/Desktop/DDL/DDL_robot/motor test/hal-config" -I"C:/SiliconLabs/SimplicityStudio/v4/developer/sdks/gecko_sdk_suite/v2.5//platform/halconfig/inc/hal-config" -I"C:/SiliconLabs/SimplicityStudio/v4/developer/sdks/gecko_sdk_suite/v2.5//hardware/kit/common/halconfig" -I"C:/SiliconLabs/SimplicityStudio/v4/developer/sdks/gecko_sdk_suite/v2.5//hardware/kit/common/bsp" -I"C:/SiliconLabs/SimplicityStudio/v4/developer/sdks/gecko_sdk_suite/v2.5//platform/emlib/inc" -I"C:/SiliconLabs/SimplicityStudio/v4/developer/sdks/gecko_sdk_suite/v2.5//hardware/kit/common/drivers" -I"C:/SiliconLabs/SimplicityStudio/v4/developer/sdks/gecko_sdk_suite/v2.5//platform/Device/SiliconLabs/EFM32PG12B/Include" -I"C:/SiliconLabs/SimplicityStudio/v4/developer/sdks/gecko_sdk_suite/v2.5//platform/CMSIS/Include" -O0 -Wall -c -fmessage-length=0 -ffunction-sections -fdata-sections -mfpu=fpv4-sp-d16 -mfloat-abi=softfp -MMD -MP -MF"src/adc.d" -MT"src/adc.o" -o "src/adc.o" "../src/adc.c"
Invoking: GNU ARM C Compiler
arm-none-eabi-gcc -g3 -gdwarf-2 -mcpu=cortex-m4 -mthumb -std=c99 '-DHAL_CONFIG=1' '-DEFM32PG12B500F1024GL125=1' -I"C:/Users/Ciara/Desktop/DDL/DDL_robot/motor test/hal-config" -I"C:/SiliconLabs/SimplicityStudio/v4/developer/sdks/gecko_sdk_suite/v2.5//platform/halconfig/inc/hal-config" -I"C:/SiliconLabs/SimplicityStudio/v4/developer/sdks/gecko_sdk_suite/v2.5//hardware/kit/common/halconfig" -I"C:/SiliconLabs/SimplicityStudio/v4/developer/sdks/gecko_sdk_suite/v2.5//hardware/kit/common/bsp" -I"C:/SiliconLabs/SimplicityStudio/v4/developer/sdks/gecko_sdk_suite/v2.5//platform/emlib/inc" -I"C:/SiliconLabs/SimplicityStudio/v4/developer/sdks/gecko_sdk_suite/v2.5//hardware/kit/common/drivers" -I"C:/SiliconLabs/SimplicityStudio/v4/developer/sdks/gecko_sdk_suite/v2.5//platform/Device/SiliconLabs/EFM32PG12B/Include" -I"C:/SiliconLabs/SimplicityStudio/v4/developer/sdks/gecko_sdk_suite/v2.5//platform/CMSIS/Include" -O0 -Wall -c -fmessage-length=0 -ffunction-sections -fdata-sections -mfpu=fpv4-sp-d16 -mfloat-abi=softfp -MMD -MP -MF"src/cmu.d" -MT"src/cmu.o" -o "src/cmu.o" "../src/cmu.c"
arm-none-eabi-gcc -g3 -gdwarf-2 -mcpu=cortex-m4 -mthumb -std=c99 '-DHAL_CONFIG=1' '-DEFM32PG12B500F1024GL125=1' -I"C:/Users/Ciara/Desktop/DDL/DDL_robot/motor test/hal-config" -I"C:/SiliconLabs/SimplicityStudio/v4/developer/sdks/gecko_sdk_suite/v2.5//platform/halconfig/inc/hal-config" -I"C:/SiliconLabs/SimplicityStudio/v4/developer/sdks/gecko_sdk_suite/v2.5//hardware/kit/common/halconfig" -I"C:/SiliconLabs/SimplicityStudio/v4/developer/sdks/gecko_sdk_suite/v2.5//hardware/kit/common/bsp" -I"C:/SiliconLabs/SimplicityStudio/v4/developer/sdks/gecko_sdk_suite/v2.5//platform/emlib/inc" -I"C:/SiliconLabs/SimplicityStudio/v4/developer/sdks/gecko_sdk_suite/v2.5//hardware/kit/common/drivers" -I"C:/SiliconLabs/SimplicityStudio/v4/developer/sdks/gecko_sdk_suite/v2.5//platform/Device/SiliconLabs/EFM32PG12B/Include" -I"C:/SiliconLabs/SimplicityStudio/v4/developer/sdks/gecko_sdk_suite/v2.5//platform/CMSIS/Include" -O0 -Wall -c -fmessage-length=0 -ffunction-sections -fdata-sections -mfpu=fpv4-sp-d16 -mfloat-abi=softfp -MMD -MP -MF"src/main.d" -MT"src/main.o" -o "src/main.o" "../src/main.c"
In file included from c:\siliconlabs\simplicitystudio\v4\developer\sdks\gecko_sdk_suite\v2.5\platform\device\siliconlabs\efm32pg12b\include\efm32pg12b500f1024gl125.h:352:0,
                 from c:\siliconlabs\simplicitystudio\v4\developer\sdks\gecko_sdk_suite\v2.5\platform\device\siliconlabs\efm32pg12b\include\em_device.h:46,
                 from ../src/adc.h:11,
                 from ../src/adc.c:8:
../src/adc.c: In function 'adc_init':
c:\siliconlabs\simplicitystudio\v4\developer\sdks\gecko_sdk_suite\v2.5\platform\device\siliconlabs\efm32pg12b\include\efm32pg12b_adc.h:149:60: warning: large integer implicitly truncated to unsigned type [-Woverflow]
 #define ADC_CTRL_TIMEBASE_DEFAULT                          (_ADC_CTRL_TIMEBASE_DEFAULT << 16)            /**< Shifted mode DEFAULT for ADC_CTRL */
                                                            ^
../src/adc.c:25:31: note: in expansion of macro 'ADC_CTRL_TIMEBASE_DEFAULT'
  adc_ctrl_settings.timebase = ADC_CTRL_TIMEBASE_DEFAULT;
                               ^
Finished building: ../src/cmu.c
 
Finished building: ../src/adc.c
Finished building: ../src/main.c
 
 
Building target: motor test.axf
Invoking: GNU ARM C Linker
arm-none-eabi-gcc -g3 -gdwarf-2 -mcpu=cortex-m4 -mthumb -T "motor test.ld" -Xlinker --gc-sections -Xlinker -Map="motor test.map" -mfpu=fpv4-sp-d16 -mfloat-abi=softfp --specs=nano.specs -o "motor test.axf" "./BSP/bsp_stk_leds.o" "./CMSIS/EFM32PG12B/startup_gcc_efm32pg12b.o" "./CMSIS/EFM32PG12B/system_efm32pg12b.o" "./emlib/em_acmp.o" "./emlib/em_adc.o" "./emlib/em_aes.o" "./emlib/em_assert.o" "./emlib/em_burtc.o" "./emlib/em_can.o" "./emlib/em_cmu.o" "./emlib/em_core.o" "./emlib/em_cryotimer.o" "./emlib/em_crypto.o" "./emlib/em_csen.o" "./emlib/em_dac.o" "./emlib/em_dbg.o" "./emlib/em_dma.o" "./emlib/em_ebi.o" "./emlib/em_emu.o" "./emlib/em_gpcrc.o" "./emlib/em_gpio.o" "./emlib/em_i2c.o" "./emlib/em_iadc.o" "./emlib/em_idac.o" "./emlib/em_int.o" "./emlib/em_lcd.o" "./emlib/em_ldma.o" "./emlib/em_lesense.o" "./emlib/em_letimer.o" "./emlib/em_leuart.o" "./emlib/em_mpu.o" "./emlib/em_msc.o" "./emlib/em_opamp.o" "./emlib/em_pcnt.o" "./emlib/em_pdm.o" "./emlib/em_prs.o" "./emlib/em_qspi.o" "./emlib/em_rmu.o" "./emlib/em_rtc.o" "./emlib/em_rtcc.o" "./emlib/em_se.o" "./emlib/em_system.o" "./emlib/em_timer.o" "./emlib/em_usart.o" "./emlib/em_vcmp.o" "./emlib/em_vdac.o" "./emlib/em_wdog.o" "./src/adc.o" "./src/cmu.o" "./src/gpio.o" "./src/main.o" "./src/motor.o" "./src/sleep.o" "./src/timer.o" -Wl,--start-group -lgcc -lc -lnosys -Wl,--end-group
Finished building target: motor test.axf
 
Building hex file: motor test.hex
arm-none-eabi-objcopy -O ihex "motor test.axf" "motor test.hex"
 
Building bin file: motor test.bin
arm-none-eabi-objcopy -O binary "motor test.axf" "motor test.bin"
 
Building s37 file: motor test.s37
arm-none-eabi-objcopy -O srec "motor test.axf" "motor test.s37"
 
Running size tool
arm-none-eabi-size "motor test.axf"
   text	   data	    bss	    dec	    hex	filename
  11760	    128	     44	  11932	   2e9c	motor test.axf
 

21:27:14 Build Finished (took 6s.35ms)

